###############################################################################
#
# IAR ELF Linker V8.32.1.169/W32 for ARM                  16/Dec/2019  17:50:31
# Copyright 2007-2018 IAR Systems AB.
#
#    Output file  =  
#        C:\Users\Admin443.EE11R443-08.000\Desktop\st\STSW-STPM002\EWARM\release_uart\Exe\stm32_stpm.out
#    Map file     =  
#        C:\Users\Admin443.EE11R443-08.000\Desktop\st\STSW-STPM002\EWARM\release_uart\List\stm32_stpm.map
#    Command line =  
#        -f C:\Users\Admin443.EE11R443-08.000\AppData\Local\Temp\EWFACC.tmp
#        (C:\Users\Admin443.EE11R443-08.000\Desktop\st\STSW-STPM002\EWARM\release_uart\Obj\main.o
#        C:\Users\Admin443.EE11R443-08.000\Desktop\st\STSW-STPM002\EWARM\release_uart\Obj\metrology.o
#        C:\Users\Admin443.EE11R443-08.000\Desktop\st\STSW-STPM002\EWARM\release_uart\Obj\metrology_hal.o
#        C:\Users\Admin443.EE11R443-08.000\Desktop\st\STSW-STPM002\EWARM\release_uart\Obj\metroTask.o
#        C:\Users\Admin443.EE11R443-08.000\Desktop\st\STSW-STPM002\EWARM\release_uart\Obj\startup_stm32f103xe.o
#        C:\Users\Admin443.EE11R443-08.000\Desktop\st\STSW-STPM002\EWARM\release_uart\Obj\stm32f1xx_hal.o
#        C:\Users\Admin443.EE11R443-08.000\Desktop\st\STSW-STPM002\EWARM\release_uart\Obj\stm32f1xx_hal_cortex.o
#        C:\Users\Admin443.EE11R443-08.000\Desktop\st\STSW-STPM002\EWARM\release_uart\Obj\stm32f1xx_hal_dma.o
#        C:\Users\Admin443.EE11R443-08.000\Desktop\st\STSW-STPM002\EWARM\release_uart\Obj\stm32f1xx_hal_flash.o
#        C:\Users\Admin443.EE11R443-08.000\Desktop\st\STSW-STPM002\EWARM\release_uart\Obj\stm32f1xx_hal_flash_ex.o
#        C:\Users\Admin443.EE11R443-08.000\Desktop\st\STSW-STPM002\EWARM\release_uart\Obj\stm32f1xx_hal_gpio.o
#        C:\Users\Admin443.EE11R443-08.000\Desktop\st\STSW-STPM002\EWARM\release_uart\Obj\stm32f1xx_hal_msp.o
#        C:\Users\Admin443.EE11R443-08.000\Desktop\st\STSW-STPM002\EWARM\release_uart\Obj\stm32f1xx_hal_pwr.o
#        C:\Users\Admin443.EE11R443-08.000\Desktop\st\STSW-STPM002\EWARM\release_uart\Obj\stm32f1xx_hal_rcc.o
#        C:\Users\Admin443.EE11R443-08.000\Desktop\st\STSW-STPM002\EWARM\release_uart\Obj\stm32f1xx_hal_rcc_ex.o
#        C:\Users\Admin443.EE11R443-08.000\Desktop\st\STSW-STPM002\EWARM\release_uart\Obj\stm32f1xx_hal_rtc.o
#        C:\Users\Admin443.EE11R443-08.000\Desktop\st\STSW-STPM002\EWARM\release_uart\Obj\stm32f1xx_hal_rtc_ex.o
#        C:\Users\Admin443.EE11R443-08.000\Desktop\st\STSW-STPM002\EWARM\release_uart\Obj\stm32f1xx_hal_spi.o
#        C:\Users\Admin443.EE11R443-08.000\Desktop\st\STSW-STPM002\EWARM\release_uart\Obj\stm32f1xx_hal_spi_ex.o
#        C:\Users\Admin443.EE11R443-08.000\Desktop\st\STSW-STPM002\EWARM\release_uart\Obj\stm32f1xx_hal_tim.o
#        C:\Users\Admin443.EE11R443-08.000\Desktop\st\STSW-STPM002\EWARM\release_uart\Obj\stm32f1xx_hal_tim_ex.o
#        C:\Users\Admin443.EE11R443-08.000\Desktop\st\STSW-STPM002\EWARM\release_uart\Obj\stm32f1xx_hal_uart.o
#        C:\Users\Admin443.EE11R443-08.000\Desktop\st\STSW-STPM002\EWARM\release_uart\Obj\stm32f1xx_it.o
#        C:\Users\Admin443.EE11R443-08.000\Desktop\st\STSW-STPM002\EWARM\release_uart\Obj\system_stm32f1xx.o
#        --redirect _Printf=_PrintfFull --redirect _Scanf=_ScanfFull
#        --no_out_extension -o
#        C:\Users\Admin443.EE11R443-08.000\Desktop\st\STSW-STPM002\EWARM\release_uart\Exe\stm32_stpm.out
#        --map
#        C:\Users\Admin443.EE11R443-08.000\Desktop\st\STSW-STPM002\EWARM\release_uart\List\stm32_stpm.map
#        --config
#        C:\Users\Admin443.EE11R443-08.000\Desktop\st\STSW-STPM002\EWARM/stm32f103xe_flash.icf
#        --semihosting --entry __iar_program_start --vfe --text_out locale)
#
###############################################################################

*******************************************************************************
*** RUNTIME MODEL ATTRIBUTES
***

CppFlavor       = *
__SystemLibrary = DLib
__dlib_version  = 6


*******************************************************************************
*** HEAP SELECTION
***

The basic heap was selected because no calls to memory allocation
functions were found in the application outside of system library
functions, and there are calls to deallocation functions in the
application.


*******************************************************************************
*** PLACEMENT SUMMARY
***

"A0":  place at 0x800'0000 { ro section .intvec };
"P1":  place in [from 0x800'0000 to 0x807'ffff] { ro };
define block CSTACK with size = 512, alignment = 8 { };
define block HEAP with size = 1K, alignment = 8 { };
"P2":  place in [from 0x2000'0000 to 0x2000'ffff] {
          rw, block CSTACK, block HEAP };
initialize by copy { rw };

  Section            Kind         Address    Size  Object
  -------            ----         -------    ----  ------
"A0":                                       0x130
  .intvec            ro code   0x800'0000   0x130  startup_stm32f103xe.o [1]
                             - 0x800'0130   0x130

"P1":                                      0x2a14
  .text              ro code   0x800'0130   0xcc0  metrology_hal.o [1]
  .text              ro code   0x800'0df0    0x66  ABImemset.o [3]
  .text              ro code   0x800'0e56    0x3a  zero_init3.o [3]
  .text              ro code   0x800'0e90    0xa6  ABImemcpy.o [3]
  .text              ro code   0x800'0f38   0x200  stm32f1xx_hal_gpio.o [1]
  .text              ro code   0x800'1138   0x3a4  stm32f1xx_hal_uart.o [1]
  .text              ro code   0x800'14dc   0x158  stm32f1xx_hal_msp.o [1]
  .text              ro code   0x800'1634     0xc  stm32f1xx_hal.o [1]
  .text              ro code   0x800'1640   0x652  stm32f1xx_hal_rcc.o [1]
  .text              ro code   0x800'1c94   0x10a  stm32f1xx_hal_cortex.o [1]
  .text              ro code   0x800'1d9e    0x18  stm32f1xx_hal.o [1]
  .text              ro code   0x800'1db6    0x24  stm32f1xx_hal.o [1]
  .text              ro code   0x800'1ddc   0x39c  stm32f1xx_hal_tim.o [1]
  .text              ro code   0x800'2178     0x2  stm32f1xx_hal_tim.o [1]
  .text              ro code   0x800'217a     0x2  stm32f1xx_hal_tim.o [1]
  .text              ro code   0x800'217c     0x2  stm32f1xx_hal_tim.o [1]
  .text              ro code   0x800'2180   0x23e  main.o [1]
  .text              ro code   0x800'23be     0x2  stm32f1xx_hal_tim_ex.o [1]
  .text              ro code   0x800'23c0     0x2  stm32f1xx_hal_tim.o [1]
  .text              ro code   0x800'23c2     0x2  stm32f1xx_hal_tim_ex.o [1]
  .text              ro code   0x800'23c4    0x24  stm32f1xx_hal.o [1]
  .text              ro code   0x800'23e8   0x148  metroTask.o [1]
  .text              ro code   0x800'2530    0x88  stm32f1xx_hal_spi_ex.o [1]
  .text              ro code   0x800'25b8    0x4e  stm32f1xx_hal_tim_ex.o [1]
  .text              ro code   0x800'2608   0x274  metrology.o [1]
  .rodata            const     0x800'287c    0x68  metroTask.o [1]
  .text              ro code   0x800'28e4    0x4c  system_stm32f1xx.o [1]
  .text              ro code   0x800'2930    0x2c  copy_init3.o [3]
  .text              ro code   0x800'295c    0x28  data_init.o [3]
  .iar.init_table    const     0x800'2984    0x24  - Linker created -
  .text              ro code   0x800'29a8    0x1e  cmain.o [3]
  .text              ro code   0x800'29c6     0x4  low_level_init.o [2]
  .text              ro code   0x800'29ca     0x4  exit.o [2]
  .text              ro code   0x800'29d0     0xa  cexit.o [3]
  .text              ro code   0x800'29dc    0x14  exit.o [4]
  .text              ro code   0x800'29f0    0x18  stm32f1xx_it.o [1]
  .text              ro code   0x800'2a08    0x10  stm32f1xx_hal.o [1]
  .text              ro code   0x800'2a18    0x10  startup_stm32f103xe.o [1]
  .text              ro code   0x800'2a28     0xc  cstartup_M.o [3]
  .text              ro code   0x800'2a34     0x4  startup_stm32f103xe.o [1]
  .text              ro code   0x800'2a38     0x4  startup_stm32f103xe.o [1]
  .text              ro code   0x800'2a3c     0x4  startup_stm32f103xe.o [1]
  .text              ro code   0x800'2a40     0x4  startup_stm32f103xe.o [1]
  .text              ro code   0x800'2a44     0x4  startup_stm32f103xe.o [1]
  .text              ro code   0x800'2a48     0x4  startup_stm32f103xe.o [1]
  .text              ro code   0x800'2a4c     0x4  startup_stm32f103xe.o [1]
  .text              ro code   0x800'2a50     0x4  startup_stm32f103xe.o [1]
  .text              ro code   0x800'2a54     0x4  startup_stm32f103xe.o [1]
  .text              ro code   0x800'2a58     0x4  startup_stm32f103xe.o [1]
  .text              ro code   0x800'2a5c     0x4  startup_stm32f103xe.o [1]
  .text              ro code   0x800'2a60     0x4  startup_stm32f103xe.o [1]
  .text              ro code   0x800'2a64     0x4  startup_stm32f103xe.o [1]
  .text              ro code   0x800'2a68     0x4  startup_stm32f103xe.o [1]
  .text              ro code   0x800'2a6c     0x4  startup_stm32f103xe.o [1]
  .text              ro code   0x800'2a70     0x4  startup_stm32f103xe.o [1]
  .text              ro code   0x800'2a74     0x4  startup_stm32f103xe.o [1]
  .text              ro code   0x800'2a78     0x4  startup_stm32f103xe.o [1]
  .text              ro code   0x800'2a7c     0x4  startup_stm32f103xe.o [1]
  .text              ro code   0x800'2a80     0x4  startup_stm32f103xe.o [1]
  .text              ro code   0x800'2a84     0x4  startup_stm32f103xe.o [1]
  .text              ro code   0x800'2a88     0x4  startup_stm32f103xe.o [1]
  .text              ro code   0x800'2a8c     0x4  startup_stm32f103xe.o [1]
  .text              ro code   0x800'2a90     0x4  startup_stm32f103xe.o [1]
  .text              ro code   0x800'2a94     0x4  startup_stm32f103xe.o [1]
  .text              ro code   0x800'2a98     0x4  startup_stm32f103xe.o [1]
  .text              ro code   0x800'2a9c     0x4  startup_stm32f103xe.o [1]
  .text              ro code   0x800'2aa0     0x4  startup_stm32f103xe.o [1]
  .text              ro code   0x800'2aa4     0x4  startup_stm32f103xe.o [1]
  .text              ro code   0x800'2aa8     0x4  startup_stm32f103xe.o [1]
  .text              ro code   0x800'2aac     0x4  startup_stm32f103xe.o [1]
  .text              ro code   0x800'2ab0     0x4  startup_stm32f103xe.o [1]
  .text              ro code   0x800'2ab4     0x4  startup_stm32f103xe.o [1]
  .text              ro code   0x800'2ab8     0x4  startup_stm32f103xe.o [1]
  .text              ro code   0x800'2abc     0x4  startup_stm32f103xe.o [1]
  .text              ro code   0x800'2ac0     0x4  startup_stm32f103xe.o [1]
  .text              ro code   0x800'2ac4     0x4  startup_stm32f103xe.o [1]
  .text              ro code   0x800'2ac8     0x4  startup_stm32f103xe.o [1]
  .text              ro code   0x800'2acc     0x4  startup_stm32f103xe.o [1]
  .text              ro code   0x800'2ad0     0x4  startup_stm32f103xe.o [1]
  .text              ro code   0x800'2ad4     0x4  startup_stm32f103xe.o [1]
  .text              ro code   0x800'2ad8     0x4  startup_stm32f103xe.o [1]
  .text              ro code   0x800'2adc     0x4  startup_stm32f103xe.o [1]
  .text              ro code   0x800'2ae0     0x4  startup_stm32f103xe.o [1]
  .text              ro code   0x800'2ae4     0x4  startup_stm32f103xe.o [1]
  .text              ro code   0x800'2ae8     0x4  startup_stm32f103xe.o [1]
  .text              ro code   0x800'2aec     0x4  startup_stm32f103xe.o [1]
  .text              ro code   0x800'2af0     0x4  startup_stm32f103xe.o [1]
  .text              ro code   0x800'2af4     0x4  startup_stm32f103xe.o [1]
  .text              ro code   0x800'2af8     0x4  startup_stm32f103xe.o [1]
  .text              ro code   0x800'2afc     0x4  startup_stm32f103xe.o [1]
  .text              ro code   0x800'2b00     0x4  startup_stm32f103xe.o [1]
  .text              ro code   0x800'2b04     0x4  startup_stm32f103xe.o [1]
  .text              ro code   0x800'2b08     0x4  startup_stm32f103xe.o [1]
  .text              ro code   0x800'2b0c     0x4  startup_stm32f103xe.o [1]
  .text              ro code   0x800'2b10     0x4  startup_stm32f103xe.o [1]
  .text              ro code   0x800'2b14     0x4  startup_stm32f103xe.o [1]
  .text              ro code   0x800'2b18     0x4  startup_stm32f103xe.o [1]
  .text              ro code   0x800'2b1c     0x4  startup_stm32f103xe.o [1]
  .text              ro code   0x800'2b20     0x4  startup_stm32f103xe.o [1]
  .text              ro code   0x800'2b24     0x4  startup_stm32f103xe.o [1]
  .text              ro code   0x800'2b28     0x4  startup_stm32f103xe.o [1]
  .text              ro code   0x800'2b2c     0x4  startup_stm32f103xe.o [1]
  .text              ro code   0x800'2b30     0x4  startup_stm32f103xe.o [1]
  .text              ro code   0x800'2b34     0x4  startup_stm32f103xe.o [1]
  .text              ro code   0x800'2b38     0x4  startup_stm32f103xe.o [1]
  .text              ro code   0x800'2b3c     0x4  startup_stm32f103xe.o [1]
  Initializer bytes  const     0x800'2b40     0x4  <for P2-1>
  .rodata            const     0x800'2b44     0x0  zero_init3.o [3]
  .rodata            const     0x800'2b44     0x0  copy_init3.o [3]
                             - 0x800'2b44  0x2a14

"P2", part 1 of 3:                            0x4
  P2-1                        0x2000'0000     0x4  <Init block>
    .data            inited   0x2000'0000     0x4  system_stm32f1xx.o [1]
                            - 0x2000'0004     0x4

"P2", part 2 of 3:                          0x544
  .bss               zero     0x2000'0004   0x2e8  metrology.o [1]
  .bss               zero     0x2000'02ec    0x80  metrology_hal.o [1]
  .bss               zero     0x2000'036c    0x78  metrology.o [1]
  .bss               zero     0x2000'03e4    0x5c  metrology_hal.o [1]
  .bss               zero     0x2000'0440    0x58  main.o [1]
  .bss               zero     0x2000'0498    0x40  main.o [1]
  .bss               zero     0x2000'04d8    0x40  main.o [1]
  .bss               zero     0x2000'0518    0x24  metroTask.o [1]
  .bss               zero     0x2000'053c     0x4  metrology_hal.o [1]
  .bss               zero     0x2000'0540     0x4  stm32f1xx_hal.o [1]
  .bss               zero     0x2000'0544     0x1  metrology_hal.o [1]
  .bss               zero     0x2000'0545     0x1  stm32f1xx_hal_spi_ex.o [1]
                            - 0x2000'0546   0x542

"P2", part 3 of 3:                          0x200
  CSTACK                      0x2000'0548   0x200  <Block>
    CSTACK           uninit   0x2000'0548   0x200  <Block tail>
                            - 0x2000'0748   0x200

Unused ranges:

         From           To      Size
         ----           --      ----
   0x800'2b44   0x807'ffff  0x7'd4bc
  0x2000'0748  0x2000'ffff    0xf8b8


*******************************************************************************
*** INIT TABLE
***

          Address      Size
          -------      ----
Zero (__iar_zero_init3)
    1 destination range, total size 0x542:
          0x2000'0004  0x542

Copy (__iar_copy_init3)
    1 source range, total size 0x4:
           0x800'2b40    0x4
    1 destination range, total size 0x4:
          0x2000'0000    0x4



*******************************************************************************
*** MODULE SUMMARY
***

    Module                  ro code  ro data  rw data
    ------                  -------  -------  -------
command line/config:
    -------------------------------------------------
    Total:

C:\Users\Admin443.EE11R443-08.000\Desktop\st\STSW-STPM002\EWARM\release_uart\Obj: [1]
    main.o                      574               216
    metroTask.o                 328      104       36
    metrology.o                 628               864
    metrology_hal.o           3 264               225
    startup_stm32f103xe.o       588
    stm32f1xx_hal.o             124                 4
    stm32f1xx_hal_cortex.o      266
    stm32f1xx_hal_gpio.o        512
    stm32f1xx_hal_msp.o         344
    stm32f1xx_hal_rcc.o       1 618
    stm32f1xx_hal_spi_ex.o      136                 1
    stm32f1xx_hal_tim.o         932
    stm32f1xx_hal_tim_ex.o       82
    stm32f1xx_hal_uart.o        932
    stm32f1xx_it.o               24
    system_stm32f1xx.o           76        4        4
    -------------------------------------------------
    Total:                   10 428      108    1 350

dl7M_tlf.a: [2]
    exit.o                        4
    low_level_init.o              4
    -------------------------------------------------
    Total:                        8

rt7M_tl.a: [3]
    ABImemcpy.o                 166
    ABImemset.o                 102
    cexit.o                      10
    cmain.o                      30
    copy_init3.o                 44
    cstartup_M.o                 12
    data_init.o                  40
    zero_init3.o                 58
    -------------------------------------------------
    Total:                      462

shb_l.a: [4]
    exit.o                       20
    -------------------------------------------------
    Total:                       20

    Gaps                         14
    Linker created                        36      512
-----------------------------------------------------
    Grand Total:             10 932      144    1 862


*******************************************************************************
*** ENTRY LIST
***

Entry                       Address   Size  Type      Object
-----                       -------   ----  ----      ------
.iar.init_table$$Base    0x800'2984          --   Gb  - Linker created -
.iar.init_table$$Limit   0x800'29a8          --   Gb  - Linker created -
?main                    0x800'29a9         Code  Gb  cmain.o [3]
CRC_u8Checksum          0x2000'0544    0x1  Data  Lc  metrology_hal.o [1]
CSTACK$$Base            0x2000'0548          --   Gb  - Linker created -
CSTACK$$Limit           0x2000'0748          --   Gb  - Linker created -
Error_Handler            0x800'23bd    0x2  Code  Lc  main.o [1]
HAL_Delay                0x800'1d9f   0x18  Code  Wk  stm32f1xx_hal.o [1]
HAL_GPIO_Init            0x800'0f39  0x1ac  Code  Gb  stm32f1xx_hal_gpio.o [1]
HAL_GPIO_TogglePin       0x800'10f3    0x8  Code  Gb  stm32f1xx_hal_gpio.o [1]
HAL_GPIO_WritePin        0x800'10e5    0xe  Code  Gb  stm32f1xx_hal_gpio.o [1]
HAL_GetTick              0x800'1635    0xc  Code  Wk  stm32f1xx_hal.o [1]
HAL_IncTick              0x800'2a09   0x10  Code  Wk  stm32f1xx_hal.o [1]
HAL_Init                 0x800'23c5   0x20  Code  Gb  stm32f1xx_hal.o [1]
HAL_InitTick             0x800'1db7   0x24  Code  Wk  stm32f1xx_hal.o [1]
HAL_MspInit              0x800'14dd   0x64  Code  Gb  stm32f1xx_hal_msp.o [1]
HAL_NVIC_EnableIRQ       0x800'1d63    0x2  Code  Gb  stm32f1xx_hal_cortex.o [1]
HAL_NVIC_SetPriority     0x800'1d45   0x1e  Code  Gb  stm32f1xx_hal_cortex.o [1]
HAL_NVIC_SetPriorityGrouping
                         0x800'1d43    0x2  Code  Gb  stm32f1xx_hal_cortex.o [1]
HAL_RCC_ClockConfig      0x800'19f3  0x1d6  Code  Gb  stm32f1xx_hal_rcc.o [1]
HAL_RCC_GetHCLKFreq      0x800'1c01   0x1c  Code  Gb  stm32f1xx_hal_rcc.o [1]
HAL_RCC_GetPCLK1Freq     0x800'1c1d   0x18  Code  Gb  stm32f1xx_hal_rcc.o [1]
HAL_RCC_GetPCLK2Freq     0x800'1c35   0x18  Code  Gb  stm32f1xx_hal_rcc.o [1]
HAL_RCC_GetSysClockFreq
                         0x800'1bc9   0x38  Code  Gb  stm32f1xx_hal_rcc.o [1]
HAL_RCC_GetSysClockFreq::aPLLMULFactorTable
                         0x800'1c80   0x10  Data  Lc  stm32f1xx_hal_rcc.o [1]
HAL_RCC_GetSysClockFreq::aPredivFactorTable
                         0x800'1c90    0x2  Data  Lc  stm32f1xx_hal_rcc.o [1]
HAL_RCC_OscConfig        0x800'1641  0x3b2  Code  Gb  stm32f1xx_hal_rcc.o [1]
HAL_SPI_Init             0x800'2531   0x84  Code  Gb  stm32f1xx_hal_spi_ex.o [1]
HAL_SPI_MspInit          0x800'1541   0x4e  Code  Gb  stm32f1xx_hal_msp.o [1]
HAL_SYSTICK_CLKSourceConfig
                         0x800'1d67   0x18  Code  Gb  stm32f1xx_hal_cortex.o [1]
HAL_SYSTICK_Config       0x800'1d65    0x2  Code  Gb  stm32f1xx_hal_cortex.o [1]
HAL_SYSTICK_IRQHandler   0x800'1d99    0x4  Code  Gb  stm32f1xx_hal_cortex.o [1]
HAL_TIMEx_BreakCallback
                         0x800'23bf    0x2  Code  Wk  stm32f1xx_hal_tim_ex.o [1]
HAL_TIMEx_CommutationCallback
                         0x800'23c3    0x2  Code  Wk  stm32f1xx_hal_tim_ex.o [1]
HAL_TIMEx_MasterConfigSynchronization
                         0x800'25b9   0x4c  Code  Gb  stm32f1xx_hal_tim_ex.o [1]
HAL_TIM_Base_Init        0x800'1ddd   0x32  Code  Gb  stm32f1xx_hal_tim.o [1]
HAL_TIM_Base_MspInit     0x800'158f   0x34  Code  Gb  stm32f1xx_hal_msp.o [1]
HAL_TIM_Base_Start_IT    0x800'1e0f   0x18  Code  Gb  stm32f1xx_hal_tim.o [1]
HAL_TIM_ConfigClockSource
                         0x800'1f79   0xfe  Code  Gb  stm32f1xx_hal_tim.o [1]
HAL_TIM_IRQHandler       0x800'1e27  0x152  Code  Gb  stm32f1xx_hal_tim.o [1]
HAL_TIM_PeriodElapsedCallback
                         0x800'2353    0x8  Code  Gb  main.o [1]
HAL_UART_Init            0x800'1139   0x5c  Code  Gb  stm32f1xx_hal_uart.o [1]
HAL_UART_MspInit         0x800'15c3   0x52  Code  Gb  stm32f1xx_hal_msp.o [1]
HAL_UART_Receive         0x800'1259   0xca  Code  Gb  stm32f1xx_hal_uart.o [1]
HAL_UART_Transmit        0x800'1195   0xc4  Code  Gb  stm32f1xx_hal_uart.o [1]
METRO_Data              0x2000'036c   0x78  Data  Gb  metrology.o [1]
METRO_Get_Measures       0x800'246f   0x12  Code  Gb  metroTask.o [1]
METRO_Init               0x800'23e9   0x64  Code  Gb  metroTask.o [1]
METRO_Latch_Measures     0x800'245b   0x14  Code  Gb  metroTask.o [1]
METRO_UpdateData         0x800'2481   0x54  Code  Lc  metroTask.o [1]
METRO_Update_Measures    0x800'244d    0xe  Code  Gb  metroTask.o [1]
MX_GPIO_Init             0x800'22d3   0x80  Code  Lc  main.o [1]
MX_SPI1_Init             0x800'2243   0x34  Code  Lc  main.o [1]
MX_TIM3_Init             0x800'2277   0x3a  Code  Lc  main.o [1]
MX_USART3_UART_Init      0x800'22b1   0x22  Code  Lc  main.o [1]
Metro_ApplyConfig        0x800'266f   0x30  Code  Gb  metrology.o [1]
Metro_Com_RxBuf         0x2000'0414   0x28  Data  Gb  metrology_hal.o [1]
Metro_Com_TxBuf         0x2000'03ec   0x28  Data  Gb  metrology_hal.o [1]
Metro_Get_Data_device    0x800'26cf   0x10  Code  Gb  metrology.o [1]
Metro_HAL_CSS_EXT_Device
                         0x800'0af7   0x18  Code  Lc  metrology_hal.o [1]
Metro_HAL_CalcCRC8       0x800'0809   0x24  Code  Lc  metrology_hal.o [1]
Metro_HAL_Crc8Calc       0x800'07db   0x2e  Code  Lc  metrology_hal.o [1]
Metro_HAL_EN_EXT_Device
                         0x800'0b0f   0x18  Code  Lc  metrology_hal.o [1]
Metro_HAL_Get_Data_device
                         0x800'02c5   0x5c  Code  Gb  metrology_hal.o [1]
Metro_HAL_RxHandler      0x800'0b3f   0x9a  Code  Lc  metrology_hal.o [1]
Metro_HAL_RxHandler::Cpt_char
                        0x2000'03e4    0x1  Data  Lc  metrology_hal.o [1]
Metro_HAL_STPM_SYN_reset_3_pulses
                         0x800'06bb   0x36  Code  Lc  metrology_hal.o [1]
Metro_HAL_STPM_SYN_single_pulse
                         0x800'067d   0x3e  Code  Lc  metrology_hal.o [1]
Metro_HAL_SYN_EXT_Device
                         0x800'0b27   0x18  Code  Lc  metrology_hal.o [1]
Metro_HAL_Set_Latch_device_type
                         0x800'0223   0xa2  Code  Gb  metrology_hal.o [1]
Metro_HAL_Setup          0x800'0131    0xa  Code  Gb  metrology_hal.o [1]
Metro_HAL_Stpm_Read      0x800'095d  0x19a  Code  Gb  metrology_hal.o [1]
Metro_HAL_Stpm_write     0x800'082d  0x128  Code  Gb  metrology_hal.o [1]
Metro_HAL_TxHandler      0x800'0bd9   0x5e  Code  Lc  metrology_hal.o [1]
Metro_HAL_UsartTxStart   0x800'0c75   0x82  Code  Lc  metrology_hal.o [1]
Metro_HAL_WaitMicroSecond
                         0x800'074f   0x60  Code  Lc  metrology_hal.o [1]
Metro_HAL_baudrate_set   0x800'0d1d   0xb4  Code  Gb  metrology_hal.o [1]
Metro_HAL_baudrate_set::tmp_data
                        0x2000'043c    0x4  Data  Lc  metrology_hal.o [1]
Metro_HAL_byteReverse    0x800'07af   0x2c  Code  Lc  metrology_hal.o [1]
Metro_HAL_init_device    0x800'0167   0x82  Code  Gb  metrology_hal.o [1]
Metro_HAL_power_up_device
                         0x800'01e9   0x3a  Code  Gb  metrology_hal.o [1]
Metro_HAL_read_RMS_Current
                         0x800'063f   0x3e  Code  Gb  metrology_hal.o [1]
Metro_HAL_read_RMS_Voltage
                         0x800'05fd   0x42  Code  Gb  metrology_hal.o [1]
Metro_HAL_read_energy    0x800'0505   0xf2  Code  Gb  metrology_hal.o [1]
Metro_HAL_read_power     0x800'0329  0x1dc  Code  Gb  metrology_hal.o [1]
Metro_HAL_reset_transfer_context
                         0x800'06f1   0x5e  Code  Lc  metrology_hal.o [1]
Metro_HAL_usart_config   0x800'0c37   0x3e  Code  Lc  metrology_hal.o [1]
Metro_Init               0x800'2609   0x12  Code  Gb  metrology.o [1]
Metro_Read_Block_From_Device
                         0x800'26c7    0x4  Code  Gb  metrology.o [1]
Metro_Read_Power         0x800'2701   0x4e  Code  Gb  metrology.o [1]
Metro_Read_RMS           0x800'27ef   0x76  Code  Gb  metrology.o [1]
Metro_Read_energy        0x800'274f   0xa0  Code  Gb  metrology.o [1]
Metro_Register_Latch_device_Config_type
                         0x800'26ef   0x12  Code  Gb  metrology.o [1]
Metro_Set_Hardware_Factors
                         0x800'269f   0x28  Code  Gb  metrology.o [1]
Metro_Set_Latch_device_type
                         0x800'26df   0x10  Code  Gb  metrology.o [1]
Metro_Setup              0x800'2651   0x1e  Code  Gb  metrology.o [1]
Metro_UartSpeed          0x800'262d   0x24  Code  Gb  metrology.o [1]
Metro_Write_Block_to_Device
                         0x800'26cb    0x4  Code  Gb  metrology.o [1]
Metro_com_port_device    0x800'24d5   0x34  Code  Lc  metroTask.o [1]
Metro_power_up_device    0x800'261b   0x12  Code  Gb  metrology.o [1]
Metrology_HAL_ReadBlock
                         0x800'013b   0x12  Code  Gb  metrology_hal.o [1]
Metrology_HAL_WriteBlock
                         0x800'014d   0x1a  Code  Gb  metrology_hal.o [1]
NVIC_EnableIRQ           0x800'1cb9   0x12  Code  Lc  stm32f1xx_hal_cortex.o [1]
NVIC_EncodePriority      0x800'1ce5   0x36  Code  Lc  stm32f1xx_hal_cortex.o [1]
NVIC_GetPriorityGrouping
                         0x800'1caf    0xa  Code  Lc  stm32f1xx_hal_cortex.o [1]
NVIC_SetPriority         0x800'1ccb   0x1a  Code  Lc  stm32f1xx_hal_cortex.o [1]
NVIC_SetPriorityGrouping
                         0x800'1c95   0x1a  Code  Lc  stm32f1xx_hal_cortex.o [1]
Region$$Table$$Base      0x800'2984          --   Gb  - Linker created -
Region$$Table$$Limit     0x800'29a8          --   Gb  - Linker created -
STPM_com_port            0x800'2514   0x1c  Data  Gb  metroTask.o [1]
SysTick_Config           0x800'1d1b   0x28  Code  Lc  stm32f1xx_hal_cortex.o [1]
SysTick_Handler          0x800'29f1    0xe  Code  Gb  stm32f1xx_it.o [1]
SystemClock_Config       0x800'21d7   0x6c  Code  Lc  main.o [1]
SystemCoreClock         0x2000'0000    0x4  Data  Gb  system_stm32f1xx.o [1]
SystemInit               0x800'28e5   0x3a  Code  Gb  system_stm32f1xx.o [1]
TIM3_IRQHandler          0x800'29ff    0x6  Code  Gb  stm32f1xx_it.o [1]
TIM_Base_SetConfig       0x800'2077   0x7a  Code  Gb  stm32f1xx_hal_tim.o [1]
TIM_ETR_SetConfig        0x800'2163   0x16  Code  Lc  stm32f1xx_hal_tim.o [1]
TIM_ITRx_SetConfig       0x800'2153   0x10  Code  Lc  stm32f1xx_hal_tim.o [1]
TIM_TI1_ConfigInputStage
                         0x800'2109   0x24  Code  Lc  stm32f1xx_hal_tim.o [1]
TIM_TI2_ConfigInputStage
                         0x800'212d   0x26  Code  Lc  stm32f1xx_hal_tim.o [1]
Tab_METRO_internal_Devices_Config
                        0x2000'0004  0x2e8  Data  Gb  metrology.o [1]
Timer_Init               0x800'235b   0x38  Code  Lc  main.o [1]
UARTWrp_SendAndReceiveByte
                         0x800'0cf7   0x26  Code  Lc  metrology_hal.o [1]
UART_SetConfig           0x800'13ed   0xe6  Code  Lc  stm32f1xx_hal_uart.o [1]
UART_WaitOnFlagUntilTimeout
                         0x800'1323   0xca  Code  Lc  stm32f1xx_hal_uart.o [1]
__aeabi_memcpy           0x800'0e91         Code  Gb  ABImemcpy.o [3]
__aeabi_memcpy4          0x800'0eb1         Code  Gb  ABImemcpy.o [3]
__aeabi_memcpy8          0x800'0eb1         Code  Gb  ABImemcpy.o [3]
__aeabi_memset           0x800'0df1         Code  Gb  ABImemset.o [3]
__cmain                  0x800'29a9         Code  Gb  cmain.o [3]
__exit                   0x800'29dd   0x14  Code  Gb  exit.o [4]
__iar_Memset             0x800'0df1         Code  Gb  ABImemset.o [3]
__iar_Memset_word        0x800'0df9         Code  Gb  ABImemset.o [3]
__iar_copy_init3         0x800'2931   0x2c  Code  Gb  copy_init3.o [3]
__iar_data_init3         0x800'295d   0x28  Code  Gb  data_init.o [3]
__iar_program_start      0x800'2a29         Code  Gb  cstartup_M.o [3]
__iar_zero_init3         0x800'0e57   0x3a  Code  Gb  zero_init3.o [3]
__low_level_init         0x800'29c7    0x4  Code  Gb  low_level_init.o [2]
__vector_table           0x800'0000         Data  Gb  startup_stm32f103xe.o [1]
_call_main               0x800'29b5         Code  Gb  cmain.o [3]
_exit                    0x800'29d1         Code  Gb  cexit.o [3]
_main                    0x800'29c3         Code  Gb  cmain.o [3]
aAPBAHBPrescTable        0x800'1c70   0x10  Data  Gb  stm32f1xx_hal_rcc.o [1]
exit                     0x800'29cb    0x4  Code  Gb  exit.o [2]
hspi1                   0x2000'0440   0x58  Data  Gb  main.o [1]
htim3                   0x2000'04d8   0x3c  Data  Gb  main.o [1]
huart                   0x2000'02ec   0x80  Data  Gb  metrology_hal.o [1]
huart3                  0x2000'0498   0x40  Data  Gb  main.o [1]
main                     0x800'2181   0x56  Code  Gb  main.o [1]
metroData               0x2000'0518   0x24  Data  Gb  metroTask.o [1]
metroDefault             0x800'287c   0x68  Data  Gb  metroTask.o [1]
p_Metro_Device_Config   0x2000'03e8    0x4  Data  Gb  metrology_hal.o [1]
uCRCErrorWorkaroundCheck
                        0x2000'0545    0x1  Data  Gb  stm32f1xx_hal_spi_ex.o [1]
uwPrescalerValue        0x2000'0514    0x4  Data  Gb  main.o [1]
uwTick                  0x2000'0540    0x4  Data  Lc  stm32f1xx_hal.o [1]
waitDummyCounter        0x2000'053c    0x4  Data  Gb  metrology_hal.o [1]


[1] = C:\Users\Admin443.EE11R443-08.000\Desktop\st\STSW-STPM002\EWARM\release_uart\Obj
[2] = dl7M_tlf.a
[3] = rt7M_tl.a
[4] = shb_l.a

  10 932 bytes of readonly  code memory
     144 bytes of readonly  data memory
   1 862 bytes of readwrite data memory

Errors: none
Warnings: none
