Component: ARM Compiler 5.06 update 6 (build 750) Tool: armlink [4d35ed]

==============================================================================

Section Cross References

    startup_stm32f103xe.o(RESET) refers to startup_stm32f103xe.o(STACK) for __initial_sp
    startup_stm32f103xe.o(RESET) refers to startup_stm32f103xe.o(.text) for Reset_Handler
    startup_stm32f103xe.o(RESET) refers to stm32f1xx_it.o(i.SysTick_Handler) for SysTick_Handler
    startup_stm32f103xe.o(RESET) refers to stm32f1xx_it.o(i.TIM3_IRQHandler) for TIM3_IRQHandler
    startup_stm32f103xe.o(RESET) refers to stm32f1xx_it.o(i.UART4_IRQHandler) for UART4_IRQHandler
    startup_stm32f103xe.o(.text) refers to system_stm32f1xx.o(i.SystemInit) for SystemInit
    startup_stm32f103xe.o(.text) refers to entry.o(.ARM.Collect$$$$00000000) for __main
    main.o(i.HAL_TIM_PeriodElapsedCallback) refers to metrotask.o(.bss) for metroData
    main.o(i.MX_GPIO_Init) refers to stm32f1xx_hal_gpio.o(i.HAL_GPIO_WritePin) for HAL_GPIO_WritePin
    main.o(i.MX_GPIO_Init) refers to stm32f1xx_hal_gpio.o(i.HAL_GPIO_Init) for HAL_GPIO_Init
    main.o(i.MX_RTC_Init) refers to stm32f1xx_hal_rtc.o(i.HAL_RTC_Init) for HAL_RTC_Init
    main.o(i.MX_RTC_Init) refers to stm32f1xx_hal_rtc.o(i.HAL_RTC_SetTime) for HAL_RTC_SetTime
    main.o(i.MX_RTC_Init) refers to stm32f1xx_hal_rtc.o(i.HAL_RTC_SetDate) for HAL_RTC_SetDate
    main.o(i.MX_RTC_Init) refers to main.o(.bss) for .bss
    main.o(i.MX_SDIO_SD_Init) refers to main.o(.bss) for .bss
    main.o(i.MX_SPI1_Init) refers to stm32f1xx_hal_spi_ex.o(i.HAL_SPI_Init) for HAL_SPI_Init
    main.o(i.MX_SPI1_Init) refers to main.o(.bss) for .bss
    main.o(i.MX_TIM3_Init) refers to stm32f1xx_hal_tim.o(i.HAL_TIM_Base_Init) for HAL_TIM_Base_Init
    main.o(i.MX_TIM3_Init) refers to stm32f1xx_hal_tim.o(i.HAL_TIM_ConfigClockSource) for HAL_TIM_ConfigClockSource
    main.o(i.MX_TIM3_Init) refers to stm32f1xx_hal_tim.o(i.HAL_TIM_IC_Init) for HAL_TIM_IC_Init
    main.o(i.MX_TIM3_Init) refers to stm32f1xx_hal_tim_ex.o(i.HAL_TIMEx_MasterConfigSynchronization) for HAL_TIMEx_MasterConfigSynchronization
    main.o(i.MX_TIM3_Init) refers to stm32f1xx_hal_tim.o(i.HAL_TIM_IC_ConfigChannel) for HAL_TIM_IC_ConfigChannel
    main.o(i.MX_TIM3_Init) refers to main.o(.bss) for .bss
    main.o(i.MX_UART4_Init) refers to stm32f1xx_hal_uart.o(i.HAL_UART_Init) for HAL_UART_Init
    main.o(i.MX_UART4_Init) refers to main.o(.bss) for .bss
    main.o(i.MX_USART3_UART_Init) refers to stm32f1xx_hal_uart.o(i.HAL_UART_Init) for HAL_UART_Init
    main.o(i.MX_USART3_UART_Init) refers to main.o(.bss) for .bss
    main.o(i.SystemClock_Config) refers to stm32f1xx_hal_rcc.o(i.HAL_RCC_OscConfig) for HAL_RCC_OscConfig
    main.o(i.SystemClock_Config) refers to stm32f1xx_hal_rcc.o(i.HAL_RCC_ClockConfig) for HAL_RCC_ClockConfig
    main.o(i.SystemClock_Config) refers to stm32f1xx_hal_rcc_ex.o(i.HAL_RCCEx_PeriphCLKConfig) for HAL_RCCEx_PeriphCLKConfig
    main.o(i.SystemClock_Config) refers to stm32f1xx_hal_rcc.o(i.HAL_RCC_GetHCLKFreq) for HAL_RCC_GetHCLKFreq
    main.o(i.SystemClock_Config) refers to stm32f1xx_hal_cortex.o(i.HAL_SYSTICK_Config) for HAL_SYSTICK_Config
    main.o(i.SystemClock_Config) refers to stm32f1xx_hal_cortex.o(i.HAL_SYSTICK_CLKSourceConfig) for HAL_SYSTICK_CLKSourceConfig
    main.o(i.SystemClock_Config) refers to stm32f1xx_hal_cortex.o(i.HAL_NVIC_SetPriority) for HAL_NVIC_SetPriority
    main.o(i.Timer_Init) refers to stm32f1xx_hal_tim.o(i.HAL_TIM_Base_Init) for HAL_TIM_Base_Init
    main.o(i.Timer_Init) refers to main.o(i.Error_Handler) for Error_Handler
    main.o(i.Timer_Init) refers to system_stm32f1xx.o(.data) for SystemCoreClock
    main.o(i.Timer_Init) refers to main.o(.data) for .data
    main.o(i.Timer_Init) refers to main.o(.bss) for .bss
    main.o(i.fputc) refers to stm32f1xx_hal_uart.o(i.HAL_UART_Transmit) for HAL_UART_Transmit
    main.o(i.fputc) refers to main.o(.bss) for .bss
    main.o(i.main) refers to stm32f1xx_hal.o(i.HAL_Init) for HAL_Init
    main.o(i.main) refers to main.o(i.SystemClock_Config) for SystemClock_Config
    main.o(i.main) refers to main.o(i.MX_GPIO_Init) for MX_GPIO_Init
    main.o(i.main) refers to main.o(i.MX_SPI1_Init) for MX_SPI1_Init
    main.o(i.main) refers to main.o(i.MX_TIM3_Init) for MX_TIM3_Init
    main.o(i.main) refers to main.o(i.MX_USART3_UART_Init) for MX_USART3_UART_Init
    main.o(i.main) refers to main.o(i.MX_UART4_Init) for MX_UART4_Init
    main.o(i.main) refers to main.o(i.MX_RTC_Init) for MX_RTC_Init
    main.o(i.main) refers to main.o(i.MX_SDIO_SD_Init) for MX_SDIO_SD_Init
    main.o(i.main) refers to fatfs.o(i.MX_FATFS_Init) for MX_FATFS_Init
    main.o(i.main) refers to stm32f1xx_hal_gpio.o(i.HAL_GPIO_WritePin) for HAL_GPIO_WritePin
    main.o(i.main) refers to stm32f1xx_hal.o(i.HAL_Delay) for HAL_Delay
    main.o(i.main) refers to printf6.o(i.__0printf$6) for __2printf
    main.o(i.main) refers to main.o(i.Timer_Init) for Timer_Init
[...]
    i.Metro_Init                             0x080035cc   Section        0  metrology.o(i.Metro_Init)
    i.Metro_Read_Block_From_Device           0x080035e4   Section        0  metrology.o(i.Metro_Read_Block_From_Device)
    i.Metro_Read_Power                       0x080035e8   Section        0  metrology.o(i.Metro_Read_Power)
    i.Metro_Read_RMS                         0x08003650   Section        0  metrology.o(i.Metro_Read_RMS)
    i.Metro_Read_energy                      0x080036ec   Section        0  metrology.o(i.Metro_Read_energy)
    i.Metro_Register_Latch_device_Config_type 0x08003794   Section        0  metrology.o(i.Metro_Register_Latch_device_Config_type)
    i.Metro_Set_Hardware_Factors             0x080037b0   Section        0  metrology.o(i.Metro_Set_Hardware_Factors)
    i.Metro_Set_Latch_device_type            0x080037e0   Section        0  metrology.o(i.Metro_Set_Latch_device_type)
    i.Metro_Setup                            0x080037f0   Section        0  metrology.o(i.Metro_Setup)
    i.Metro_Write_Block_to_Device            0x08003814   Section        0  metrology.o(i.Metro_Write_Block_to_Device)
    i.Metro_com_port_device                  0x08003818   Section        0  metrotask.o(i.Metro_com_port_device)
    Metro_com_port_device                    0x08003819   Thumb Code    54  metrotask.o(i.Metro_com_port_device)
    i.Metro_power_up_device                  0x08003858   Section        0  metrology.o(i.Metro_power_up_device)
    i.Metrology_HAL_ReadBlock                0x08003870   Section        0  metrology_hal.o(i.Metrology_HAL_ReadBlock)
    i.Metrology_HAL_WriteBlock               0x08003886   Section        0  metrology_hal.o(i.Metrology_HAL_WriteBlock)
    i.NVIC_SetPriority                       0x080038a4   Section        0  stm32f1xx_hal_cortex.o(i.NVIC_SetPriority)
    NVIC_SetPriority                         0x080038a5   Thumb Code    32  stm32f1xx_hal_cortex.o(i.NVIC_SetPriority)
    i.RTC_Bcd2ToByte                         0x080038c4   Section        0  stm32f1xx_hal_rtc.o(i.RTC_Bcd2ToByte)
    RTC_Bcd2ToByte                           0x080038c5   Thumb Code    18  stm32f1xx_hal_rtc.o(i.RTC_Bcd2ToByte)
    i.RTC_EnterInitMode                      0x080038d6   Section        0  stm32f1xx_hal_rtc.o(i.RTC_EnterInitMode)
    RTC_EnterInitMode                        0x080038d7   Thumb Code    52  stm32f1xx_hal_rtc.o(i.RTC_EnterInitMode)
    i.RTC_ExitInitMode                       0x0800390a   Section        0  stm32f1xx_hal_rtc.o(i.RTC_ExitInitMode)
    RTC_ExitInitMode                         0x0800390b   Thumb Code    52  stm32f1xx_hal_rtc.o(i.RTC_ExitInitMode)
    i.RTC_ReadAlarmCounter                   0x0800393e   Section        0  stm32f1xx_hal_rtc.o(i.RTC_ReadAlarmCounter)
    RTC_ReadAlarmCounter                     0x0800393f   Thumb Code    14  stm32f1xx_hal_rtc.o(i.RTC_ReadAlarmCounter)
    i.RTC_ReadTimeCounter                    0x0800394c   Section        0  stm32f1xx_hal_rtc.o(i.RTC_ReadTimeCounter)
    RTC_ReadTimeCounter                      0x0800394d   Thumb Code    32  stm32f1xx_hal_rtc.o(i.RTC_ReadTimeCounter)
    i.RTC_WeekDayNum                         0x0800396c   Section        0  stm32f1xx_hal_rtc.o(i.RTC_WeekDayNum)
    RTC_WeekDayNum                           0x0800396d   Thumb Code   102  stm32f1xx_hal_rtc.o(i.RTC_WeekDayNum)
    i.RTC_WriteAlarmCounter                  0x080039d2   Section        0  stm32f1xx_hal_rtc.o(i.RTC_WriteAlarmCounter)
    RTC_WriteAlarmCounter                    0x080039d3   Thumb Code    46  stm32f1xx_hal_rtc.o(i.RTC_WriteAlarmCounter)
    i.RTC_WriteTimeCounter                   0x08003a00   Section        0  stm32f1xx_hal_rtc.o(i.RTC_WriteTimeCounter)
    RTC_WriteTimeCounter                     0x08003a01   Thumb Code    46  stm32f1xx_hal_rtc.o(i.RTC_WriteTimeCounter)
    i.SDIO_DataConfig                        0x08003a2e   Section        0  stm32f1xx_ll_sdmmc.o(i.SDIO_DataConfig)
    i.SDIO_GetCommandResponse                0x08003a52   Section        0  stm32f1xx_ll_sdmmc.o(i.SDIO_GetCommandResponse)
    i.SDIO_GetPowerState                     0x08003a58   Section        0  stm32f1xx_ll_sdmmc.o(i.SDIO_GetPowerState)
    i.SDIO_GetResponse                       0x08003a60   Section        0  stm32f1xx_ll_sdmmc.o(i.SDIO_GetResponse)
    i.SDIO_Init                              0x08003a74   Section        0  stm32f1xx_ll_sdmmc.o(i.SDIO_Init)
    i.SDIO_PowerState_ON                     0x08003a9e   Section        0  stm32f1xx_ll_sdmmc.o(i.SDIO_PowerState_ON)
    i.SDIO_ReadFIFO                          0x08003aa6   Section        0  stm32f1xx_ll_sdmmc.o(i.SDIO_ReadFIFO)
    i.SDIO_SendCommand                       0x08003aac   Section        0  stm32f1xx_ll_sdmmc.o(i.SDIO_SendCommand)
    i.SDIO_WriteFIFO                         0x08003acc   Section        0  stm32f1xx_ll_sdmmc.o(i.SDIO_WriteFIFO)
    i.SD_CmdError                            0x08003ad6   Section        0  stm32f1xx_hal_sd.o(i.SD_CmdError)
    SD_CmdError                              0x08003ad7   Thumb Code    46  stm32f1xx_hal_sd.o(i.SD_CmdError)
    i.SD_CmdResp1Error                       0x08003b04   Section        0  stm32f1xx_hal_sd.o(i.SD_CmdResp1Error)
    SD_CmdResp1Error                         0x08003b05   Thumb Code   242  stm32f1xx_hal_sd.o(i.SD_CmdResp1Error)
    i.SD_CmdResp2Error                       0x08003bfc   Section        0  stm32f1xx_hal_sd.o(i.SD_CmdResp2Error)
    SD_CmdResp2Error                         0x08003bfd   Thumb Code    48  stm32f1xx_hal_sd.o(i.SD_CmdResp2Error)
    i.SD_CmdResp3Error                       0x08003c2c   Section        0  stm32f1xx_hal_sd.o(i.SD_CmdResp3Error)
    SD_CmdResp3Error                         0x08003c2d   Thumb Code    36  stm32f1xx_hal_sd.o(i.SD_CmdResp3Error)
    i.SD_CmdResp6Error                       0x08003c50   Section        0  stm32f1xx_hal_sd.o(i.SD_CmdResp6Error)
    SD_CmdResp6Error                         0x08003c51   Thumb Code   124  stm32f1xx_hal_sd.o(i.SD_CmdResp6Error)
    i.SD_CmdResp7Error                       0x08003ccc   Section        0  stm32f1xx_hal_sd.o(i.SD_CmdResp7Error)
    SD_CmdResp7Error                         0x08003ccd   Thumb Code    72  stm32f1xx_hal_sd.o(i.SD_CmdResp7Error)
    i.SD_GetState                            0x08003d14   Section        0  stm32f1xx_hal_sd.o(i.SD_GetState)
    SD_GetState                              0x08003d15   Thumb Code    26  stm32f1xx_hal_sd.o(i.SD_GetState)
    i.SD_Initialize_Cards                    0x08003d2e   Section        0  stm32f1xx_hal_sd.o(i.SD_Initialize_Cards)
    SD_Initialize_Cards                      0x08003d2f   Thumb Code   258  stm32f1xx_hal_sd.o(i.SD_Initialize_Cards)
    i.SD_IsCardProgramming                   0x08003e30   Section        0  stm32f1xx_hal_sd.o(i.SD_IsCardProgramming)
    SD_IsCardProgramming                     0x08003e31   Thumb Code   336  stm32f1xx_hal_sd.o(i.SD_IsCardProgramming)
    i.SD_PowerON                             0x08003f84   Section        0  stm32f1xx_hal_sd.o(i.SD_PowerON)
    SD_PowerON                               0x08003f85   Thumb Code   356  stm32f1xx_hal_sd.o(i.SD_PowerON)
    i.SD_Select_Deselect                     0x080040ec   Section        0  stm32f1xx_hal_sd.o(i.SD_Select_Deselect)
    SD_Select_Deselect                       0x080040ed   Thumb Code    58  stm32f1xx_hal_sd.o(i.SD_Select_Deselect)
    i.SD_SendStatus                          0x08004126   Section        0  stm32f1xx_hal_sd.o(i.SD_SendStatus)
    SD_SendStatus                            0x08004127   Thumb Code    86  stm32f1xx_hal_sd.o(i.SD_SendStatus)
    i.SD_initialize                          0x0800417c   Section        0  sd_diskio.o(i.SD_initialize)
    i.SD_ioctl                               0x0800419c   Section        0  sd_diskio.o(i.SD_ioctl)
    i.SD_read                                0x080041f0   Section        0  sd_diskio.o(i.SD_read)
    i.SD_status                              0x08004210   Section        0  sd_diskio.o(i.SD_status)
    i.SD_write                               0x08004230   Section        0  sd_diskio.o(i.SD_write)
    i.SPIWrp_SendAndReceiveByte              0x08004250   Section        0  metrology_hal.o(i.SPIWrp_SendAndReceiveByte)
    SPIWrp_SendAndReceiveByte                0x08004251   Thumb Code    40  metrology_hal.o(i.SPIWrp_SendAndReceiveByte)
    i.SPI_WaitOnFlagUntilTimeout             0x0800427c   Section        0  stm32f1xx_hal_spi.o(i.SPI_WaitOnFlagUntilTimeout)
    SPI_WaitOnFlagUntilTimeout               0x0800427d   Thumb Code   214  stm32f1xx_hal_spi.o(i.SPI_WaitOnFlagUntilTimeout)
    i.SysTick_Handler                        0x08004352   Section        0  stm32f1xx_it.o(i.SysTick_Handler)
    i.SystemClock_Config                     0x08004360   Section        0  main.o(i.SystemClock_Config)
    SystemClock_Config                       0x08004361   Thumb Code   112  main.o(i.SystemClock_Config)
    i.SystemInit                             0x080043d0   Section        0  system_stm32f1xx.o(i.SystemInit)
    i.TIM3_IRQHandler                        0x08004418   Section        0  stm32f1xx_it.o(i.TIM3_IRQHandler)
    i.TIM_Base_SetConfig                     0x08004424   Section        0  stm32f1xx_hal_tim.o(i.TIM_Base_SetConfig)
    i.TIM_ETR_SetConfig                      0x080044ac   Section        0  stm32f1xx_hal_tim.o(i.TIM_ETR_SetConfig)
    TIM_ETR_SetConfig                        0x080044ad   Thumb Code    20  stm32f1xx_hal_tim.o(i.TIM_ETR_SetConfig)
    i.TIM_ITRx_SetConfig                     0x080044c0   Section        0  stm32f1xx_hal_tim.o(i.TIM_ITRx_SetConfig)
    TIM_ITRx_SetConfig                       0x080044c1   Thumb Code    16  stm32f1xx_hal_tim.o(i.TIM_ITRx_SetConfig)
    i.TIM_TI1_ConfigInputStage               0x080044d0   Section        0  stm32f1xx_hal_tim.o(i.TIM_TI1_ConfigInputStage)
    TIM_TI1_ConfigInputStage                 0x080044d1   Thumb Code    34  stm32f1xx_hal_tim.o(i.TIM_TI1_ConfigInputStage)
    i.TIM_TI1_SetConfig                      0x080044f4   Section        0  stm32f1xx_hal_tim.o(i.TIM_TI1_SetConfig)
    i.TIM_TI2_ConfigInputStage               0x08004560   Section        0  stm32f1xx_hal_tim.o(i.TIM_TI2_ConfigInputStage)
    TIM_TI2_ConfigInputStage                 0x08004561   Thumb Code    36  stm32f1xx_hal_tim.o(i.TIM_TI2_ConfigInputStage)
    i.TIM_TI2_SetConfig                      0x08004584   Section        0  stm32f1xx_hal_tim.o(i.TIM_TI2_SetConfig)
    TIM_TI2_SetConfig                        0x08004585   Thumb Code    54  stm32f1xx_hal_tim.o(i.TIM_TI2_SetConfig)
    i.TIM_TI3_SetConfig                      0x080045ba   Section        0  stm32f1xx_hal_tim.o(i.TIM_TI3_SetConfig)
    TIM_TI3_SetConfig                        0x080045bb   Thumb Code    50  stm32f1xx_hal_tim.o(i.TIM_TI3_SetConfig)
    i.TIM_TI4_SetConfig                      0x080045ec   Section        0  stm32f1xx_hal_tim.o(i.TIM_TI4_SetConfig)
    TIM_TI4_SetConfig                        0x080045ed   Thumb Code    56  stm32f1xx_hal_tim.o(i.TIM_TI4_SetConfig)
    i.Timer_Init                             0x08004624   Section        0  main.o(i.Timer_Init)
    Timer_Init                               0x08004625   Thumb Code    56  main.o(i.Timer_Init)
    i.UART4_IRQHandler                       0x0800466c   Section        0  stm32f1xx_it.o(i.UART4_IRQHandler)
    i.UART_EndTransmit_IT                    0x08004678   Section        0  stm32f1xx_hal_uart.o(i.UART_EndTransmit_IT)
    UART_EndTransmit_IT                      0x08004679   Thumb Code    42  stm32f1xx_hal_uart.o(i.UART_EndTransmit_IT)
    i.UART_Receive_IT                        0x080046a2   Section        0  stm32f1xx_hal_uart.o(i.UART_Receive_IT)
    UART_Receive_IT                          0x080046a3   Thumb Code   176  stm32f1xx_hal_uart.o(i.UART_Receive_IT)
    i.UART_SetConfig                         0x08004754   Section        0  stm32f1xx_hal_uart.o(i.UART_SetConfig)
    UART_SetConfig                           0x08004755   Thumb Code   264  stm32f1xx_hal_uart.o(i.UART_SetConfig)
    i.UART_Transmit_IT                       0x08004860   Section        0  stm32f1xx_hal_uart.o(i.UART_Transmit_IT)
    UART_Transmit_IT                         0x08004861   Thumb Code   106  stm32f1xx_hal_uart.o(i.UART_Transmit_IT)
    i.UART_WaitOnFlagUntilTimeout            0x080048ca   Section        0  stm32f1xx_hal_uart.o(i.UART_WaitOnFlagUntilTimeout)
    UART_WaitOnFlagUntilTimeout              0x080048cb   Thumb Code   198  stm32f1xx_hal_uart.o(i.UART_WaitOnFlagUntilTimeout)
    i.__0printf$6                            0x08004990   Section        0  printf6.o(i.__0printf$6)
    i.__0sprintf$6                           0x080049b0   Section        0  printf6.o(i.__0sprintf$6)
    i.__scatterload_copy                     0x080049d8   Section       14  handlers.o(i.__scatterload_copy)
    i.__scatterload_null                     0x080049e6   Section        2  handlers.o(i.__scatterload_null)
    i.__scatterload_zeroinit                 0x080049e8   Section       14  handlers.o(i.__scatterload_zeroinit)
    i._printf_core                           0x080049f8   Section        0  printf6.o(i._printf_core)
    _printf_core                             0x080049f9   Thumb Code   748  printf6.o(i._printf_core)
    i._printf_post_padding                   0x08004ce8   Section        0  printf6.o(i._printf_post_padding)
    _printf_post_padding                     0x08004ce9   Thumb Code    36  printf6.o(i._printf_post_padding)
    i._printf_pre_padding                    0x08004d0c   Section        0  printf6.o(i._printf_pre_padding)
    _printf_pre_padding                      0x08004d0d   Thumb Code    46  printf6.o(i._printf_pre_padding)
    i._sputc                                 0x08004d3a   Section        0  printf6.o(i._sputc)
    _sputc                                   0x08004d3b   Thumb Code    10  printf6.o(i._sputc)
    i.check_fs                               0x08004d44   Section        0  ff.o(i.check_fs)
    check_fs                                 0x08004d45   Thumb Code   124  ff.o(i.check_fs)
    i.chk_chr                                0x08004dc4   Section        0  ff.o(i.chk_chr)
    chk_chr                                  0x08004dc5   Thumb Code    16  ff.o(i.chk_chr)
    i.chk_lock                               0x08004dd4   Section        0  ff.o(i.chk_lock)
    chk_lock                                 0x08004dd5   Thumb Code   108  ff.o(i.chk_lock)
    i.clear_lock                             0x08004e44   Section        0  ff.o(i.clear_lock)
    clear_lock                               0x08004e45   Thumb Code    32  ff.o(i.clear_lock)
    i.clmt_clust                             0x08004e68   Section        0  ff.o(i.clmt_clust)
    clmt_clust                               0x08004e69   Thumb Code    44  ff.o(i.clmt_clust)
    i.clust2sect                             0x08004e94   Section        0  ff.o(i.clust2sect)
    i.create_chain                           0x08004eb2   Section        0  ff.o(i.create_chain)
    create_chain                             0x08004eb3   Thumb Code   186  ff.o(i.create_chain)
    i.create_name                            0x08004f6c   Section        0  ff.o(i.create_name)
    create_name                              0x08004f6d   Thumb Code   258  ff.o(i.create_name)
    i.dec_lock                               0x08005084   Section        0  ff.o(i.dec_lock)
    dec_lock                                 0x08005085   Thumb Code    50  ff.o(i.dec_lock)
    i.dir_alloc                              0x080050bc   Section        0  ff.o(i.dir_alloc)
    dir_alloc                                0x080050bd   Thumb Code    74  ff.o(i.dir_alloc)
    i.dir_find                               0x08005106   Section        0  ff.o(i.dir_find)
    dir_find                                 0x08005107   Thumb Code    80  ff.o(i.dir_find)
    i.dir_next                               0x08005156   Section        0  ff.o(i.dir_next)
    dir_next                                 0x08005157   Thumb Code   312  ff.o(i.dir_next)
    i.dir_register                           0x0800528e   Section        0  ff.o(i.dir_register)
    dir_register                             0x0800528f   Thumb Code    68  ff.o(i.dir_register)
    i.dir_sdi                                0x080052d2   Section        0  ff.o(i.dir_sdi)
    dir_sdi                                  0x080052d3   Thumb Code   168  ff.o(i.dir_sdi)
    i.disk_initialize                        0x0800537c   Section        0  diskio.o(i.disk_initialize)
    i.disk_ioctl                             0x080053a8   Section        0  diskio.o(i.disk_ioctl)
    i.disk_read                              0x080053c4   Section        0  diskio.o(i.disk_read)
    i.disk_status                            0x080053e0   Section        0  diskio.o(i.disk_status)
    i.disk_write                             0x080053f8   Section        0  diskio.o(i.disk_write)
    i.enq_lock                               0x08005414   Section        0  ff.o(i.enq_lock)
    enq_lock                                 0x08005415   Thumb Code    36  ff.o(i.enq_lock)
    i.f_close                                0x0800543c   Section        0  ff.o(i.f_close)
    i.f_lseek                                0x08005468   Section        0  ff.o(i.f_lseek)
    i.f_mount                                0x08005728   Section        0  ff.o(i.f_mount)
    i.f_open                                 0x08005788   Section        0  ff.o(i.f_open)
    i.f_stat                                 0x08005924   Section        0  ff.o(i.f_stat)
    i.f_sync                                 0x08005964   Section        0  ff.o(i.f_sync)
    i.f_write                                0x08005a12   Section        0  ff.o(i.f_write)
    i.find_volume                            0x08005c0c   Section        0  ff.o(i.find_volume)
    find_volume                              0x08005c0d   Thumb Code   780  ff.o(i.find_volume)
    i.follow_path                            0x08005f24   Section        0  ff.o(i.follow_path)
    follow_path                              0x08005f25   Thumb Code   118  ff.o(i.follow_path)
    i.fputc                                  0x08005f9c   Section        0  main.o(i.fputc)
    i.get_fat                                0x08005fb4   Section        0  ff.o(i.get_fat)
    i.get_fattime                            0x0800608c   Section        0  fatfs.o(i.get_fattime)
    i.get_fileinfo                           0x08006090   Section        0  ff.o(i.get_fileinfo)
    get_fileinfo                             0x08006091   Thumb Code   106  ff.o(i.get_fileinfo)
    i.get_ldnumber                           0x080060fa   Section        0  ff.o(i.get_ldnumber)
    get_ldnumber                             0x080060fb   Thumb Code    66  ff.o(i.get_ldnumber)
    i.inc_lock                               0x0800613c   Section        0  ff.o(i.inc_lock)
    inc_lock                                 0x0800613d   Thumb Code   168  ff.o(i.inc_lock)
    i.ld_clust                               0x080061e8   Section        0  ff.o(i.ld_clust)
    ld_clust                                 0x080061e9   Thumb Code    32  ff.o(i.ld_clust)
    i.main                                   0x08006208   Section        0  main.o(i.main)
    i.mem_cmp                                0x080063ec   Section        0  ff.o(i.mem_cmp)
    mem_cmp                                  0x080063ed   Thumb Code    26  ff.o(i.mem_cmp)
    i.mem_cpy                                0x08006406   Section        0  ff.o(i.mem_cpy)
    mem_cpy                                  0x08006407   Thumb Code    18  ff.o(i.mem_cpy)
    i.mem_set                                0x08006418   Section        0  ff.o(i.mem_set)
    mem_set                                  0x08006419   Thumb Code    16  ff.o(i.mem_set)
    i.move_window                            0x08006428   Section        0  ff.o(i.move_window)
    move_window                              0x08006429   Thumb Code    56  ff.o(i.move_window)
    i.put_fat                                0x08006460   Section        0  ff.o(i.put_fat)
    i.remove_chain                           0x08006564   Section        0  ff.o(i.remove_chain)
    remove_chain                             0x08006565   Thumb Code   114  ff.o(i.remove_chain)
    i.st_clust                               0x080065d6   Section        0  ff.o(i.st_clust)
    st_clust                                 0x080065d7   Thumb Code    16  ff.o(i.st_clust)
    i.sync_fs                                0x080065e6   Section        0  ff.o(i.sync_fs)
    sync_fs                                  0x080065e7   Thumb Code   186  ff.o(i.sync_fs)
    i.sync_window                            0x080066a0   Section        0  ff.o(i.sync_window)
    sync_window                              0x080066a1   Thumb Code    98  ff.o(i.sync_window)
    i.validate                               0x08006702   Section        0  ff.o(i.validate)
    validate                                 0x08006703   Thumb Code    50  ff.o(i.validate)
    .constdata                               0x08006734   Section       16  stm32f1xx_hal_rcc.o(.constdata)
    .constdata                               0x08006744   Section      132  metrotask.o(.constdata)
    .constdata                               0x080067c8   Section       20  sd_diskio.o(.constdata)
    .constdata                               0x080067dc   Section      172  ff.o(.constdata)
    ExCvt                                    0x080067dc   Data         128  ff.o(.constdata)
    vst                                      0x0800685c   Data          22  ff.o(.constdata)
    cst                                      0x08006872   Data          22  ff.o(.constdata)
    .data                                    0x20000000   Section        8  main.o(.data)
    .data                                    0x20000008   Section        5  fatfs.o(.data)
    .data                                    0x20000010   Section        4  stm32f1xx_hal.o(.data)
    uwTick                                   0x20000010   Data           4  stm32f1xx_hal.o(.data)
    .data                                    0x20000014   Section        1  stm32f1xx_hal_spi_ex.o(.data)
    .data                                    0x20000018   Section        4  system_stm32f1xx.o(.data)
    .data                                    0x2000001c   Section       12  metrology_hal.o(.data)
    Cpt_char                                 0x2000001c   Data           1  metrology_hal.o(.data)
    CRC_u8Checksum                           0x2000001d   Data           1  metrology_hal.o(.data)
    .data                                    0x20000028   Section        1  sd_diskio.o(.data)
    Stat                                     0x20000028   Data           1  sd_diskio.o(.data)
    .data                                    0x2000002c   Section        8  ff.o(.data)
    Fsid                                     0x2000002c   Data           2  ff.o(.data)
    FatFs                                    0x20000030   Data           4  ff.o(.data)
    .data                                    0x20000034   Section        4  stdout.o(.data)
    .bss                                     0x20000038   Section      419  main.o(.bss)
    .bss                                     0x200001e0   Section       88  main.o(.bss)
    .bss                                     0x20000238   Section      864  metrology.o(.bss)
    .bss                                     0x20000598   Section      256  metrology_hal.o(.bss)
    .bss                                     0x20000698   Section       36  metrotask.o(.bss)
    .bss                                     0x200006bc   Section       24  ff.o(.bss)
    Files                                    0x200006bc   Data          24  ff.o(.bss)
    .bss                                     0x200006d4   Section       12  ff_gen_drv.o(.bss)
    STACK                                    0x200006e0   Section     8192  startup_stm32f103xe.o(STACK)

    Global Symbols

    Symbol Name                              Value     Ov Type        Size  Object(Section)

    BuildAttributes$$THM_ISAv4$P$D$K$B$S$PE$A:L22UL41UL21$X:L11$S22US41US21$IEEE1$IW$USESV6$~STKCKD$USESV7$~SHL$OSPACE$ROPI$EBA8$MICROLIB$REQ8$PRES8$EABIv2 0x00000000   Number         0  anon$$obj.o ABSOLUTE
    __ARM_use_no_argv                        0x00000000   Number         0  main.o ABSOLUTE
    _printf_a                                0x00000000   Number         0  stubs.o ABSOLUTE
    _printf_c                                0x00000000   Number         0  stubs.o ABSOLUTE
    _printf_charcount                        0x00000000   Number         0  stubs.o ABSOLUTE
    _printf_d                                0x00000000   Number         0  stubs.o ABSOLUTE
    _printf_e                                0x00000000   Number         0  stubs.o ABSOLUTE
    _printf_f                                0x00000000   Number         0  stubs.o ABSOLUTE
    _printf_flags                            0x00000000   Number         0  stubs.o ABSOLUTE
    _printf_fp_dec                           0x00000000   Number         0  stubs.o ABSOLUTE
    _printf_fp_hex                           0x00000000   Number         0  stubs.o ABSOLUTE
    _printf_g                                0x00000000   Number         0  stubs.o ABSOLUTE
    _printf_i                                0x00000000   Number         0  stubs.o ABSOLUTE
    _printf_int_dec                          0x00000000   Number         0  stubs.o ABSOLUTE
    _printf_l                                0x00000000   Number         0  stubs.o ABSOLUTE
    _printf_lc                               0x00000000   Number         0  stubs.o ABSOLUTE
    _printf_ll                               0x00000000   Number         0  stubs.o ABSOLUTE
    _printf_lld                              0x00000000   Number         0  stubs.o ABSOLUTE
    _printf_lli                              0x00000000   Number         0  stubs.o ABSOLUTE
    _printf_llo                              0x00000000   Number         0  stubs.o ABSOLUTE
    _printf_llu                              0x00000000   Number         0  stubs.o ABSOLUTE
    _printf_llx                              0x00000000   Number         0  stubs.o ABSOLUTE
    _printf_longlong_dec                     0x00000000   Number         0  stubs.o ABSOLUTE
    _printf_longlong_hex                     0x00000000   Number         0  stubs.o ABSOLUTE
    _printf_longlong_oct                     0x00000000   Number         0  stubs.o ABSOLUTE
    _printf_ls                               0x00000000   Number         0  stubs.o ABSOLUTE
    _printf_mbtowc                           0x00000000   Number         0  stubs.o ABSOLUTE
    _printf_n                                0x00000000   Number         0  stubs.o ABSOLUTE
    _printf_o                                0x00000000   Number         0  stubs.o ABSOLUTE
    _printf_p                                0x00000000   Number         0  stubs.o ABSOLUTE
    _printf_percent                          0x00000000   Number         0  stubs.o ABSOLUTE
    _printf_pre_padding                      0x00000000   Number         0  stubs.o ABSOLUTE
    _printf_return_value                     0x00000000   Number         0  stubs.o ABSOLUTE
    _printf_s                                0x00000000   Number         0  stubs.o ABSOLUTE
    _printf_sizespec                         0x00000000   Number         0  stubs.o ABSOLUTE
    _printf_str                              0x00000000   Number         0  stubs.o ABSOLUTE
    _printf_truncate_signed                  0x00000000   Number         0  stubs.o ABSOLUTE
    _printf_truncate_unsigned                0x00000000   Number         0  stubs.o ABSOLUTE
    _printf_u                                0x00000000   Number         0  stubs.o ABSOLUTE
    _printf_wc                               0x00000000   Number         0  stubs.o ABSOLUTE
    _printf_wctomb                           0x00000000   Number         0  stubs.o ABSOLUTE
    _printf_widthprec                        0x00000000   Number         0  stubs.o ABSOLUTE
    _printf_x                                0x00000000   Number         0  stubs.o ABSOLUTE
    __cpp_initialize__aeabi_                  - Undefined Weak Reference
    __cxa_finalize                            - Undefined Weak Reference
    __decompress                              - Undefined Weak Reference
    _clock_init                               - Undefined Weak Reference
    _microlib_exit                            - Undefined Weak Reference
    __Vectors_Size                           0x00000130   Number         0  startup_stm32f103xe.o ABSOLUTE
    __Vectors                                0x08000000   Data           4  startup_stm32f103xe.o(RESET)
    __Vectors_End                            0x08000130   Data           0  startup_stm32f103xe.o(RESET)
    __main                                   0x08000131   Thumb Code     0  entry.o(.ARM.Collect$$$$00000000)
    _main_stk                                0x08000131   Thumb Code     0  entry2.o(.ARM.Collect$$$$00000001)
    _main_scatterload                        0x08000135   Thumb Code     0  entry5.o(.ARM.Collect$$$$00000004)
    __main_after_scatterload                 0x08000139   Thumb Code     0  entry5.o(.ARM.Collect$$$$00000004)
    _main_clock                              0x08000139   Thumb Code     0  entry7b.o(.ARM.Collect$$$$00000008)
    _main_cpp_init                           0x08000139   Thumb Code     0  entry8b.o(.ARM.Collect$$$$0000000A)
    _main_init                               0x08000139   Thumb Code     0  entry9a.o(.ARM.Collect$$$$0000000B)
    __rt_final_cpp                           0x08000141   Thumb Code     0  entry10a.o(.ARM.Collect$$$$0000000D)
    __rt_final_exit                          0x08000141   Thumb Code     0  entry11a.o(.ARM.Collect$$$$0000000F)
    Reset_Handler                            0x08000145   Thumb Code     8  startup_stm32f103xe.o(.text)
    NMI_Handler                              0x0800014d   Thumb Code     2  startup_stm32f103xe.o(.text)
    HardFault_Handler                        0x0800014f   Thumb Code     2  startup_stm32f103xe.o(.text)
    MemManage_Handler                        0x08000151   Thumb Code     2  startup_stm32f103xe.o(.text)
    BusFault_Handler                         0x08000153   Thumb Code     2  startup_stm32f103xe.o(.text)
    UsageFault_Handler                       0x08000155   Thumb Code     2  startup_stm32f103xe.o(.text)
    SVC_Handler                              0x08000157   Thumb Code     2  startup_stm32f103xe.o(.text)
    DebugMon_Handler                         0x08000159   Thumb Code     2  startup_stm32f103xe.o(.text)
    PendSV_Handler                           0x0800015b   Thumb Code     2  startup_stm32f103xe.o(.text)
    ADC1_2_IRQHandler                        0x0800015f   Thumb Code     0  startup_stm32f103xe.o(.text)
    ADC3_IRQHandler                          0x0800015f   Thumb Code     0  startup_stm32f103xe.o(.text)
    CAN1_RX1_IRQHandler                      0x0800015f   Thumb Code     0  startup_stm32f103xe.o(.text)
    CAN1_SCE_IRQHandler                      0x0800015f   Thumb Code     0  startup_stm32f103xe.o(.text)
    DMA1_Channel1_IRQHandler                 0x0800015f   Thumb Code     0  startup_stm32f103xe.o(.text)
    DMA1_Channel2_IRQHandler                 0x0800015f   Thumb Code     0  startup_stm32f103xe.o(.text)
    DMA1_Channel3_IRQHandler                 0x0800015f   Thumb Code     0  startup_stm32f103xe.o(.text)
    DMA1_Channel4_IRQHandler                 0x0800015f   Thumb Code     0  startup_stm32f103xe.o(.text)
    DMA1_Channel5_IRQHandler                 0x0800015f   Thumb Code     0  startup_stm32f103xe.o(.text)
    DMA1_Channel6_IRQHandler                 0x0800015f   Thumb Code     0  startup_stm32f103xe.o(.text)
    DMA1_Channel7_IRQHandler                 0x0800015f   Thumb Code     0  startup_stm32f103xe.o(.text)
    DMA2_Channel1_IRQHandler                 0x0800015f   Thumb Code     0  startup_stm32f103xe.o(.text)
    DMA2_Channel2_IRQHandler                 0x0800015f   Thumb Code     0  startup_stm32f103xe.o(.text)
    DMA2_Channel3_IRQHandler                 0x0800015f   Thumb Code     0  startup_stm32f103xe.o(.text)
    DMA2_Channel4_5_IRQHandler               0x0800015f   Thumb Code     0  startup_stm32f103xe.o(.text)
    EXTI0_IRQHandler                         0x0800015f   Thumb Code     0  startup_stm32f103xe.o(.text)
    EXTI15_10_IRQHandler                     0x0800015f   Thumb Code     0  startup_stm32f103xe.o(.text)
    EXTI1_IRQHandler                         0x0800015f   Thumb Code     0  startup_stm32f103xe.o(.text)
    EXTI2_IRQHandler                         0x0800015f   Thumb Code     0  startup_stm32f103xe.o(.text)
    EXTI3_IRQHandler                         0x0800015f   Thumb Code     0  startup_stm32f103xe.o(.text)
    EXTI4_IRQHandler                         0x0800015f   Thumb Code     0  startup_stm32f103xe.o(.text)
    EXTI9_5_IRQHandler                       0x0800015f   Thumb Code     0  startup_stm32f103xe.o(.text)
    FLASH_IRQHandler                         0x0800015f   Thumb Code     0  startup_stm32f103xe.o(.text)
    FSMC_IRQHandler                          0x0800015f   Thumb Code     0  startup_stm32f103xe.o(.text)
    I2C1_ER_IRQHandler                       0x0800015f   Thumb Code     0  startup_stm32f103xe.o(.text)
    I2C1_EV_IRQHandler                       0x0800015f   Thumb Code     0  startup_stm32f103xe.o(.text)
    I2C2_ER_IRQHandler                       0x0800015f   Thumb Code     0  startup_stm32f103xe.o(.text)
    I2C2_EV_IRQHandler                       0x0800015f   Thumb Code     0  startup_stm32f103xe.o(.text)
    PVD_IRQHandler                           0x0800015f   Thumb Code     0  startup_stm32f103xe.o(.text)
    RCC_IRQHandler                           0x0800015f   Thumb Code     0  startup_stm32f103xe.o(.text)
    RTC_Alarm_IRQHandler                     0x0800015f   Thumb Code     0  startup_stm32f103xe.o(.text)
    RTC_IRQHandler                           0x0800015f   Thumb Code     0  startup_stm32f103xe.o(.text)
    SDIO_IRQHandler                          0x0800015f   Thumb Code     0  startup_stm32f103xe.o(.text)
    SPI1_IRQHandler                          0x0800015f   Thumb Code     0  startup_stm32f103xe.o(.text)
    SPI2_IRQHandler                          0x0800015f   Thumb Code     0  startup_stm32f103xe.o(.text)
    SPI3_IRQHandler                          0x0800015f   Thumb Code     0  startup_stm32f103xe.o(.text)
    TAMPER_IRQHandler                        0x0800015f   Thumb Code     0  startup_stm32f103xe.o(.text)
    TIM1_BRK_IRQHandler                      0x0800015f   Thumb Code     0  startup_stm32f103xe.o(.text)
    TIM1_CC_IRQHandler                       0x0800015f   Thumb Code     0  startup_stm32f103xe.o(.text)
    TIM1_TRG_COM_IRQHandler                  0x0800015f   Thumb Code     0  startup_stm32f103xe.o(.text)
    TIM1_UP_IRQHandler                       0x0800015f   Thumb Code     0  startup_stm32f103xe.o(.text)
    TIM2_IRQHandler                          0x0800015f   Thumb Code     0  startup_stm32f103xe.o(.text)
    TIM4_IRQHandler                          0x0800015f   Thumb Code     0  startup_stm32f103xe.o(.text)
    TIM5_IRQHandler                          0x0800015f   Thumb Code     0  startup_stm32f103xe.o(.text)
    TIM6_IRQHandler                          0x0800015f   Thumb Code     0  startup_stm32f103xe.o(.text)
    TIM7_IRQHandler                          0x0800015f   Thumb Code     0  startup_stm32f103xe.o(.text)
    TIM8_BRK_IRQHandler                      0x0800015f   Thumb Code     0  startup_stm32f103xe.o(.text)
    TIM8_CC_IRQHandler                       0x0800015f   Thumb Code     0  startup_stm32f103xe.o(.text)
    TIM8_TRG_COM_IRQHandler                  0x0800015f   Thumb Code     0  startup_stm32f103xe.o(.text)
    TIM8_UP_IRQHandler                       0x0800015f   Thumb Code     0  startup_stm32f103xe.o(.text)
    UART5_IRQHandler                         0x0800015f   Thumb Code     0  startup_stm32f103xe.o(.text)
    USART1_IRQHandler                        0x0800015f   Thumb Code     0  startup_stm32f103xe.o(.text)
    USART2_IRQHandler                        0x0800015f   Thumb Code     0  startup_stm32f103xe.o(.text)
    USART3_IRQHandler                        0x0800015f   Thumb Code     0  startup_stm32f103xe.o(.text)
    USBWakeUp_IRQHandler                     0x0800015f   Thumb Code     0  startup_stm32f103xe.o(.text)
    USB_HP_CAN1_TX_IRQHandler                0x0800015f   Thumb Code     0  startup_stm32f103xe.o(.text)
    USB_LP_CAN1_RX0_IRQHandler               0x0800015f   Thumb Code     0  startup_stm32f103xe.o(.text)
    WWDG_IRQHandler                          0x0800015f   Thumb Code     0  startup_stm32f103xe.o(.text)
    __aeabi_memcpy                           0x08000169   Thumb Code    36  memcpya.o(.text)
    __aeabi_memcpy4                          0x08000169   Thumb Code     0  memcpya.o(.text)
    __aeabi_memcpy8                          0x08000169   Thumb Code     0  memcpya.o(.text)
    __aeabi_memset                           0x0800018d   Thumb Code    14  memseta.o(.text)
    __aeabi_memset4                          0x0800018d   Thumb Code     0  memseta.o(.text)
    __aeabi_memset8                          0x0800018d   Thumb Code     0  memseta.o(.text)
    __aeabi_memclr                           0x0800019b   Thumb Code     4  memseta.o(.text)
    __aeabi_memclr4                          0x0800019b   Thumb Code     0  memseta.o(.text)
    __aeabi_memclr8                          0x0800019b   Thumb Code     0  memseta.o(.text)
    _memset$wrapper                          0x0800019f   Thumb Code    18  memseta.o(.text)
    __aeabi_uidiv                            0x080001b1   Thumb Code     0  uidiv.o(.text)
    __aeabi_uidivmod                         0x080001b1   Thumb Code    44  uidiv.o(.text)
    __scatterload                            0x080001dd   Thumb Code    28  init.o(.text)
    __scatterload_rt2                        0x080001dd   Thumb Code     0  init.o(.text)
    BSP_SD_GetCardInfo                       0x08000201   Thumb Code     8  bsp_driver_sd.o(i.BSP_SD_GetCardInfo)
    BSP_SD_GetStatus                         0x0800020d   Thumb Code     6  bsp_driver_sd.o(i.BSP_SD_GetStatus)
    BSP_SD_Init                              0x08000219   Thumb Code    26  bsp_driver_sd.o(i.BSP_SD_Init)
    BSP_SD_IsDetected                        0x0800023d   Thumb Code    12  bsp_driver_sd.o(i.BSP_SD_IsDetected)
    BSP_SD_ReadBlocks                        0x08000249   Thumb Code    28  bsp_driver_sd.o(i.BSP_SD_ReadBlocks)
    BSP_SD_WriteBlocks                       0x08000269   Thumb Code    28  bsp_driver_sd.o(i.BSP_SD_WriteBlocks)
    FATFS_LinkDriver                         0x0800028b   Thumb Code     6  ff_gen_drv.o(i.FATFS_LinkDriver)
    FATFS_LinkDriverEx                       0x08000291   Thumb Code    60  ff_gen_drv.o(i.FATFS_LinkDriverEx)
    HAL_Delay                                0x080002d1   Thumb Code    22  stm32f1xx_hal.o(i.HAL_Delay)
    HAL_GPIO_Init                            0x080002e9   Thumb Code   488  stm32f1xx_hal_gpio.o(i.HAL_GPIO_Init)
    HAL_GPIO_ReadPin                         0x080004f9   Thumb Code    14  stm32f1xx_hal_gpio.o(i.HAL_GPIO_ReadPin)
    HAL_GPIO_TogglePin                       0x08000507   Thumb Code     8  stm32f1xx_hal_gpio.o(i.HAL_GPIO_TogglePin)
    HAL_GPIO_WritePin                        0x0800050f   Thumb Code    14  stm32f1xx_hal_gpio.o(i.HAL_GPIO_WritePin)
    HAL_GetTick                              0x0800051d   Thumb Code     6  stm32f1xx_hal.o(i.HAL_GetTick)
    HAL_IncTick                              0x08000529   Thumb Code    10  stm32f1xx_hal.o(i.HAL_IncTick)
    HAL_Init                                 0x08000539   Thumb Code    32  stm32f1xx_hal.o(i.HAL_Init)
    HAL_InitTick                             0x0800055d   Thumb Code    34  stm32f1xx_hal.o(i.HAL_InitTick)
    HAL_MspInit                              0x08000581   Thumb Code    94  stm32f1xx_hal_msp.o(i.HAL_MspInit)
    HAL_NVIC_EnableIRQ                       0x080005e9   Thumb Code    22  stm32f1xx_hal_cortex.o(i.HAL_NVIC_EnableIRQ)
    HAL_NVIC_SetPriority                     0x08000601   Thumb Code    60  stm32f1xx_hal_cortex.o(i.HAL_NVIC_SetPriority)
    HAL_NVIC_SetPriorityGrouping             0x08000641   Thumb Code    26  stm32f1xx_hal_cortex.o(i.HAL_NVIC_SetPriorityGrouping)
    HAL_PWR_EnableBkUpAccess                 0x08000665   Thumb Code    20  stm32f1xx_hal_pwr.o(i.HAL_PWR_EnableBkUpAccess)
    HAL_RCCEx_GetPeriphCLKFreq               0x0800067d   Thumb Code   248  stm32f1xx_hal_rcc_ex.o(i.HAL_RCCEx_GetPeriphCLKFreq)
    HAL_RCCEx_PeriphCLKConfig                0x08000795   Thumb Code   288  stm32f1xx_hal_rcc_ex.o(i.HAL_RCCEx_PeriphCLKConfig)
    HAL_RCC_ClockConfig                      0x080008c1   Thumb Code   688  stm32f1xx_hal_rcc.o(i.HAL_RCC_ClockConfig)
    HAL_RCC_GetHCLKFreq                      0x08000b79   Thumb Code    38  stm32f1xx_hal_rcc.o(i.HAL_RCC_GetHCLKFreq)
    HAL_RCC_GetPCLK1Freq                     0x08000bad   Thumb Code    36  stm32f1xx_hal_rcc.o(i.HAL_RCC_GetPCLK1Freq)
    HAL_RCC_GetPCLK2Freq                     0x08000bd9   Thumb Code    36  stm32f1xx_hal_rcc.o(i.HAL_RCC_GetPCLK2Freq)
    HAL_RCC_GetSysClockFreq                  0x08000c05   Thumb Code   112  stm32f1xx_hal_rcc.o(i.HAL_RCC_GetSysClockFreq)
    HAL_RCC_OscConfig                        0x08000c95   Thumb Code  1704  stm32f1xx_hal_rcc.o(i.HAL_RCC_OscConfig)
    HAL_RTC_Init                             0x0800133d   Thumb Code   176  stm32f1xx_hal_rtc.o(i.HAL_RTC_Init)
    HAL_RTC_MspInit                          0x080013f1   Thumb Code    56  stm32f1xx_hal_msp.o(i.HAL_RTC_MspInit)
    HAL_RTC_SetDate                          0x08001435   Thumb Code   206  stm32f1xx_hal_rtc.o(i.HAL_RTC_SetDate)
    HAL_RTC_SetTime                          0x08001509   Thumb Code   180  stm32f1xx_hal_rtc.o(i.HAL_RTC_SetTime)
    HAL_RTC_WaitForSynchro                   0x080015c1   Thumb Code    60  stm32f1xx_hal_rtc.o(i.HAL_RTC_WaitForSynchro)
    HAL_SD_GetStatus                         0x080015fd   Thumb Code    26  stm32f1xx_hal_sd.o(i.HAL_SD_GetStatus)
    HAL_SD_Get_CardInfo                      0x08001617   Thumb Code   666  stm32f1xx_hal_sd.o(i.HAL_SD_Get_CardInfo)
    HAL_SD_Init                              0x080018b1   Thumb Code   154  stm32f1xx_hal_sd.o(i.HAL_SD_Init)
    HAL_SD_MspInit                           0x0800194d   Thumb Code    72  stm32f1xx_hal_msp.o(i.HAL_SD_MspInit)
    HAL_SD_ReadBlocks                        0x080019a5   Thumb Code   412  stm32f1xx_hal_sd.o(i.HAL_SD_ReadBlocks)
    HAL_SD_StopTransfer                      0x08001b41   Thumb Code    52  stm32f1xx_hal_sd.o(i.HAL_SD_StopTransfer)
    HAL_SD_WriteBlocks                       0x08001b75   Thumb Code   532  stm32f1xx_hal_sd.o(i.HAL_SD_WriteBlocks)
    HAL_SPI_Init                             0x08001d89   Thumb Code   134  stm32f1xx_hal_spi_ex.o(i.HAL_SPI_Init)
    HAL_SPI_MspInit                          0x08001e15   Thumb Code    74  stm32f1xx_hal_msp.o(i.HAL_SPI_MspInit)
    HAL_SPI_TransmitReceive                  0x08001e6d   Thumb Code   764  stm32f1xx_hal_spi.o(i.HAL_SPI_TransmitReceive)
    HAL_SYSTICK_CLKSourceConfig              0x08002169   Thumb Code    28  stm32f1xx_hal_cortex.o(i.HAL_SYSTICK_CLKSourceConfig)
    HAL_SYSTICK_Callback                     0x08002185   Thumb Code     2  stm32f1xx_hal_cortex.o(i.HAL_SYSTICK_Callback)
    HAL_SYSTICK_Config                       0x08002187   Thumb Code    40  stm32f1xx_hal_cortex.o(i.HAL_SYSTICK_Config)
    HAL_SYSTICK_IRQHandler                   0x080021af   Thumb Code     8  stm32f1xx_hal_cortex.o(i.HAL_SYSTICK_IRQHandler)
    HAL_TIMEx_BreakCallback                  0x080021b7   Thumb Code     2  stm32f1xx_hal_tim_ex.o(i.HAL_TIMEx_BreakCallback)
    HAL_TIMEx_CommutationCallback            0x080021b9   Thumb Code     2  stm32f1xx_hal_tim_ex.o(i.HAL_TIMEx_CommutationCallback)
    HAL_TIMEx_MasterConfigSynchronization    0x080021bb   Thumb Code    80  stm32f1xx_hal_tim_ex.o(i.HAL_TIMEx_MasterConfigSynchronization)
    HAL_TIM_Base_Init                        0x0800220b   Thumb Code    56  stm32f1xx_hal_tim.o(i.HAL_TIM_Base_Init)
    HAL_TIM_Base_MspInit                     0x08002245   Thumb Code    78  stm32f1xx_hal_msp.o(i.HAL_TIM_Base_MspInit)
    HAL_TIM_Base_Start_IT                    0x080022a5   Thumb Code    24  stm32f1xx_hal_tim.o(i.HAL_TIM_Base_Start_IT)
    HAL_TIM_ConfigClockSource                0x080022bd   Thumb Code   270  stm32f1xx_hal_tim.o(i.HAL_TIM_ConfigClockSource)
    HAL_TIM_IC_CaptureCallback               0x080023cb   Thumb Code     2  stm32f1xx_hal_tim.o(i.HAL_TIM_IC_CaptureCallback)
    HAL_TIM_IC_ConfigChannel                 0x080023cd   Thumb Code   188  stm32f1xx_hal_tim.o(i.HAL_TIM_IC_ConfigChannel)
    HAL_TIM_IC_Init                          0x08002489   Thumb Code    56  stm32f1xx_hal_tim.o(i.HAL_TIM_IC_Init)
    HAL_TIM_IC_MspInit                       0x080024c1   Thumb Code     2  stm32f1xx_hal_tim.o(i.HAL_TIM_IC_MspInit)
    HAL_TIM_IRQHandler                       0x080024c3   Thumb Code   366  stm32f1xx_hal_tim.o(i.HAL_TIM_IRQHandler)
    HAL_TIM_OC_DelayElapsedCallback          0x08002631   Thumb Code     2  stm32f1xx_hal_tim.o(i.HAL_TIM_OC_DelayElapsedCallback)
    HAL_TIM_PWM_PulseFinishedCallback        0x08002633   Thumb Code     2  stm32f1xx_hal_tim.o(i.HAL_TIM_PWM_PulseFinishedCallback)
    HAL_TIM_PeriodElapsedCallback            0x08002635   Thumb Code     8  main.o(i.HAL_TIM_PeriodElapsedCallback)
    HAL_TIM_TriggerCallback                  0x08002641   Thumb Code     2  stm32f1xx_hal_tim.o(i.HAL_TIM_TriggerCallback)
    HAL_UART_ErrorCallback                   0x08002643   Thumb Code     2  stm32f1xx_hal_uart.o(i.HAL_UART_ErrorCallback)
    HAL_UART_IRQHandler                      0x08002645   Thumb Code   190  stm32f1xx_hal_uart.o(i.HAL_UART_IRQHandler)
    HAL_UART_Init                            0x08002703   Thumb Code    96  stm32f1xx_hal_uart.o(i.HAL_UART_Init)
    HAL_UART_MspInit                         0x08002765   Thumb Code   144  stm32f1xx_hal_msp.o(i.HAL_UART_MspInit)
    HAL_UART_RxCpltCallback                  0x08002809   Thumb Code     2  stm32f1xx_hal_uart.o(i.HAL_UART_RxCpltCallback)
    HAL_UART_Transmit                        0x0800280b   Thumb Code   216  stm32f1xx_hal_uart.o(i.HAL_UART_Transmit)
    HAL_UART_TxCpltCallback                  0x080028e3   Thumb Code     2  stm32f1xx_hal_uart.o(i.HAL_UART_TxCpltCallback)
    METRO_Get_Measures                       0x080028e5   Thumb Code    18  metrotask.o(i.METRO_Get_Measures)
    METRO_Init                               0x080028fd   Thumb Code    90  metrotask.o(i.METRO_Init)
    METRO_Latch_Measures                     0x08002961   Thumb Code    20  metrotask.o(i.METRO_Latch_Measures)
    METRO_Update_Measures                    0x080029d1   Thumb Code    16  metrotask.o(i.METRO_Update_Measures)
    MX_FATFS_Init                            0x080029e5   Thumb Code    18  fatfs.o(i.MX_FATFS_Init)
    Metro_ApplyConfig                        0x08002c09   Thumb Code    42  metrology.o(i.Metro_ApplyConfig)
    Metro_Get_Data_device                    0x08002c3d   Thumb Code    14  metrology.o(i.Metro_Get_Data_device)
    Metro_HAL_Get_Data_device                0x08002ce1   Thumb Code    92  metrology_hal.o(i.Metro_HAL_Get_Data_device)
    Metro_HAL_Set_Latch_device_type          0x08002e3d   Thumb Code   104  metrology_hal.o(i.Metro_HAL_Set_Latch_device_type)
    Metro_HAL_Setup                          0x08002ea9   Thumb Code     8  metrology_hal.o(i.Metro_HAL_Setup)
    Metro_HAL_Stpm_Read                      0x08002fa9   Thumb Code   360  metrology_hal.o(i.Metro_HAL_Stpm_Read)
    Metro_HAL_Stpm_write                     0x08003119   Thumb Code   254  metrology_hal.o(i.Metro_HAL_Stpm_write)
    Metro_HAL_init_device                    0x080032d1   Thumb Code   130  metrology_hal.o(i.Metro_HAL_init_device)
    Metro_HAL_power_up_device                0x08003359   Thumb Code    60  metrology_hal.o(i.Metro_HAL_power_up_device)
    Metro_HAL_read_RMS_Current               0x08003395   Thumb Code    48  metrology_hal.o(i.Metro_HAL_read_RMS_Current)
    Metro_HAL_read_RMS_Voltage               0x080033c9   Thumb Code    52  metrology_hal.o(i.Metro_HAL_read_RMS_Voltage)
    Metro_HAL_read_energy                    0x08003401   Thumb Code   134  metrology_hal.o(i.Metro_HAL_read_energy)
    Metro_HAL_read_power                     0x0800348d   Thumb Code   258  metrology_hal.o(i.Metro_HAL_read_power)
    Metro_Init                               0x080035cd   Thumb Code    18  metrology.o(i.Metro_Init)
    Metro_Read_Block_From_Device             0x080035e5   Thumb Code     4  metrology.o(i.Metro_Read_Block_From_Device)
    Metro_Read_Power                         0x080035e9   Thumb Code   100  metrology.o(i.Metro_Read_Power)
    Metro_Read_RMS                           0x08003651   Thumb Code   148  metrology.o(i.Metro_Read_RMS)
    Metro_Read_energy                        0x080036ed   Thumb Code   158  metrology.o(i.Metro_Read_energy)
    Metro_Register_Latch_device_Config_type  0x08003795   Thumb Code    22  metrology.o(i.Metro_Register_Latch_device_Config_type)
    Metro_Set_Hardware_Factors               0x080037b1   Thumb Code    42  metrology.o(i.Metro_Set_Hardware_Factors)
    Metro_Set_Latch_device_type              0x080037e1   Thumb Code    14  metrology.o(i.Metro_Set_Latch_device_type)
    Metro_Setup                              0x080037f1   Thumb Code    30  metrology.o(i.Metro_Setup)
    Metro_Write_Block_to_Device              0x08003815   Thumb Code     4  metrology.o(i.Metro_Write_Block_to_Device)
    Metro_power_up_device                    0x08003859   Thumb Code    18  metrology.o(i.Metro_power_up_device)
    Metrology_HAL_ReadBlock                  0x08003871   Thumb Code    22  metrology_hal.o(i.Metrology_HAL_ReadBlock)
    Metrology_HAL_WriteBlock                 0x08003887   Thumb Code    30  metrology_hal.o(i.Metrology_HAL_WriteBlock)
    SDIO_DataConfig                          0x08003a2f   Thumb Code    36  stm32f1xx_ll_sdmmc.o(i.SDIO_DataConfig)
    SDIO_GetCommandResponse                  0x08003a53   Thumb Code     6  stm32f1xx_ll_sdmmc.o(i.SDIO_GetCommandResponse)
    SDIO_GetPowerState                       0x08003a59   Thumb Code     8  stm32f1xx_ll_sdmmc.o(i.SDIO_GetPowerState)
    SDIO_GetResponse                         0x08003a61   Thumb Code    14  stm32f1xx_ll_sdmmc.o(i.SDIO_GetResponse)
    SDIO_Init                                0x08003a75   Thumb Code    42  stm32f1xx_ll_sdmmc.o(i.SDIO_Init)
    SDIO_PowerState_ON                       0x08003a9f   Thumb Code     8  stm32f1xx_ll_sdmmc.o(i.SDIO_PowerState_ON)
    SDIO_ReadFIFO                            0x08003aa7   Thumb Code     6  stm32f1xx_ll_sdmmc.o(i.SDIO_ReadFIFO)
    SDIO_SendCommand                         0x08003aad   Thumb Code    32  stm32f1xx_ll_sdmmc.o(i.SDIO_SendCommand)
    SDIO_WriteFIFO                           0x08003acd   Thumb Code    10  stm32f1xx_ll_sdmmc.o(i.SDIO_WriteFIFO)
    SD_initialize                            0x0800417d   Thumb Code    26  sd_diskio.o(i.SD_initialize)
    SD_ioctl                                 0x0800419d   Thumb Code    80  sd_diskio.o(i.SD_ioctl)
    SD_read                                  0x080041f1   Thumb Code    30  sd_diskio.o(i.SD_read)
    SD_status                                0x08004211   Thumb Code    26  sd_diskio.o(i.SD_status)
    SD_write                                 0x08004231   Thumb Code    30  sd_diskio.o(i.SD_write)
    SysTick_Handler                          0x08004353   Thumb Code    14  stm32f1xx_it.o(i.SysTick_Handler)
    SystemInit                               0x080043d1   Thumb Code    56  system_stm32f1xx.o(i.SystemInit)
    TIM3_IRQHandler                          0x08004419   Thumb Code     6  stm32f1xx_it.o(i.TIM3_IRQHandler)
    TIM_Base_SetConfig                       0x08004425   Thumb Code   116  stm32f1xx_hal_tim.o(i.TIM_Base_SetConfig)
    TIM_TI1_SetConfig                        0x080044f5   Thumb Code    88  stm32f1xx_hal_tim.o(i.TIM_TI1_SetConfig)
    UART4_IRQHandler                         0x0800466d   Thumb Code     6  stm32f1xx_it.o(i.UART4_IRQHandler)
    __0printf$6                              0x08004991   Thumb Code    22  printf6.o(i.__0printf$6)
    __1printf$6                              0x08004991   Thumb Code     0  printf6.o(i.__0printf$6)
    __2printf                                0x08004991   Thumb Code     0  printf6.o(i.__0printf$6)
    __0sprintf$6                             0x080049b1   Thumb Code    34  printf6.o(i.__0sprintf$6)
    __1sprintf$6                             0x080049b1   Thumb Code     0  printf6.o(i.__0sprintf$6)
    __2sprintf                               0x080049b1   Thumb Code     0  printf6.o(i.__0sprintf$6)
    __scatterload_copy                       0x080049d9   Thumb Code    14  handlers.o(i.__scatterload_copy)
    __scatterload_null                       0x080049e7   Thumb Code     2  handlers.o(i.__scatterload_null)
    __scatterload_zeroinit                   0x080049e9   Thumb Code    14  handlers.o(i.__scatterload_zeroinit)
    clust2sect                               0x08004e95   Thumb Code    30  ff.o(i.clust2sect)
    disk_initialize                          0x0800537d   Thumb Code    38  diskio.o(i.disk_initialize)
    disk_ioctl                               0x080053a9   Thumb Code    22  diskio.o(i.disk_ioctl)
    disk_read                                0x080053c5   Thumb Code    24  diskio.o(i.disk_read)
    disk_status                              0x080053e1   Thumb Code    18  diskio.o(i.disk_status)
    disk_write                               0x080053f9   Thumb Code    24  diskio.o(i.disk_write)
    f_close                                  0x0800543d   Thumb Code    44  ff.o(i.f_close)
    f_lseek                                  0x08005469   Thumb Code   702  ff.o(i.f_lseek)
    f_mount                                  0x08005729   Thumb Code    90  ff.o(i.f_mount)
    f_open                                   0x08005789   Thumb Code   412  ff.o(i.f_open)
    f_stat                                   0x08005925   Thumb Code    64  ff.o(i.f_stat)
    f_sync                                   0x08005965   Thumb Code   174  ff.o(i.f_sync)
    f_write                                  0x08005a13   Thumb Code   506  ff.o(i.f_write)
    fputc                                    0x08005f9d   Thumb Code    18  main.o(i.fputc)
    get_fat                                  0x08005fb5   Thumb Code   216  ff.o(i.get_fat)
    get_fattime                              0x0800608d   Thumb Code     4  fatfs.o(i.get_fattime)
    main                                     0x08006209   Thumb Code   416  main.o(i.main)
    put_fat                                  0x08006461   Thumb Code   260  ff.o(i.put_fat)
    aAPBAHBPrescTable                        0x08006734   Data          16  stm32f1xx_hal_rcc.o(.constdata)
    metroDefault                             0x08006744   Data         104  metrotask.o(.constdata)
    STPM_com_port                            0x080067ac   Data          28  metrotask.o(.constdata)
    SD_Driver                                0x080067c8   Data          20  sd_diskio.o(.constdata)
    Region$$Table$$Base                      0x08006888   Number         0  anon$$obj.o(Region$$Table)
    Region$$Table$$Limit                     0x080068a8   Number         0  anon$$obj.o(Region$$Table)
    gauta_komanda                            0x20000000   Data           1  main.o(.data)
    uwPrescalerValue                         0x20000004   Data           4  main.o(.data)
    retSD                                    0x20000008   Data           1  fatfs.o(.data)
    SD_Path                                  0x20000009   Data           4  fatfs.o(.data)
    uCRCErrorWorkaroundCheck                 0x20000014   Data           1  stm32f1xx_hal_spi_ex.o(.data)
    SystemCoreClock                          0x20000018   Data           4  system_stm32f1xx.o(.data)
    waitDummyCounter                         0x20000020   Data           4  metrology_hal.o(.data)
    p_Metro_Device_Config                    0x20000024   Data           4  metrology_hal.o(.data)
    __stdout                                 0x20000034   Data           4  stdout.o(.data)
    hrtc                                     0x20000038   Data          20  main.o(.bss)
    hsd                                      0x2000004c   Data          96  main.o(.bss)
    hspi1                                    0x200000ac   Data          88  main.o(.bss)
    htim3                                    0x20000104   Data          60  main.o(.bss)
    huart4                                   0x20000140   Data          64  main.o(.bss)
    huart3                                   0x20000180   Data          64  main.o(.bss)
    myData                                   0x200001c0   Data          27  main.o(.bss)
    SDCardInfo                               0x200001e0   Data          88  main.o(.bss)
    Tab_METRO_internal_Devices_Config        0x20000238   Data         744  metrology.o(.bss)
    METRO_Data                               0x20000520   Data         120  metrology.o(.bss)
    Metro_Com_TxBuf                          0x20000598   Data          40  metrology_hal.o(.bss)
    Metro_Com_RxBuf                          0x200005c0   Data          40  metrology_hal.o(.bss)
    hspi                                     0x200005e8   Data         176  metrology_hal.o(.bss)
    metroData                                0x20000698   Data          36  metrotask.o(.bss)
    disk                                     0x200006d4   Data          12  ff_gen_drv.o(.bss)
    __initial_sp                             0x200026e0   Data           0  startup_stm32f103xe.o(STACK)



==============================================================================

Memory Map of the image

  Image Entry point : 0x08000131

  Load Region LR_IROM1 (Base: 0x08000000, Size: 0x000068e0, Max: 0x00060000, ABSOLUTE)

    Execution Region ER_IROM1 (Exec base: 0x08000000, Load base: 0x08000000, Size: 0x000068a8, Max: 0x00060000, ABSOLUTE)

    Exec Addr    Load Addr    Size         Type   Attr      Idx    E Section Name        Object

    0x08000000   0x08000000   0x00000130   Data   RO            3    RESET               startup_stm32f103xe.o
    0x08000130   0x08000130   0x00000000   Code   RO         4758  * .ARM.Collect$$$$00000000  mc_w.l(entry.o)
    0x08000130   0x08000130   0x00000004   Code   RO         5030    .ARM.Collect$$$$00000001  mc_w.l(entry2.o)
    0x08000134   0x08000134   0x00000004   Code   RO         5033    .ARM.Collect$$$$00000004  mc_w.l(entry5.o)
    0x08000138   0x08000138   0x00000000   Code   RO         5035    .ARM.Collect$$$$00000008  mc_w.l(entry7b.o)
    0x08000138   0x08000138   0x00000000   Code   RO         5037    .ARM.Collect$$$$0000000A  mc_w.l(entry8b.o)
    0x08000138   0x08000138   0x00000008   Code   RO         5038    .ARM.Collect$$$$0000000B  mc_w.l(entry9a.o)
    0x08000140   0x08000140   0x00000000   Code   RO         5040    .ARM.Collect$$$$0000000D  mc_w.l(entry10a.o)
    0x08000140   0x08000140   0x00000000   Code   RO         5042    .ARM.Collect$$$$0000000F  mc_w.l(entry11a.o)
    0x08000140   0x08000140   0x00000004   Code   RO         5031    .ARM.Collect$$$$00002712  mc_w.l(entry2.o)
    0x08000144   0x08000144   0x00000024   Code   RO            4    .text               startup_stm32f103xe.o
    0x08000168   0x08000168   0x00000024   Code   RO         4763    .text               mc_w.l(memcpya.o)
    0x0800018c   0x0800018c   0x00000024   Code   RO         4765    .text               mc_w.l(memseta.o)
    0x080001b0   0x080001b0   0x0000002c   Code   RO         5045    .text               mc_w.l(uidiv.o)
    0x080001dc   0x080001dc   0x00000024   Code   RO         5060    .text               mc_w.l(init.o)
    0x08000200   0x08000200   0x0000000c   Code   RO          253    i.BSP_SD_GetCardInfo  bsp_driver_sd.o
    0x0800020c   0x0800020c   0x0000000c   Code   RO          254    i.BSP_SD_GetStatus  bsp_driver_sd.o
    0x08000218   0x08000218   0x00000024   Code   RO          257    i.BSP_SD_Init       bsp_driver_sd.o
    0x0800023c   0x0800023c   0x0000000c   Code   RO          258    i.BSP_SD_IsDetected  bsp_driver_sd.o
    0x08000248   0x08000248   0x00000020   Code   RO          259    i.BSP_SD_ReadBlocks  bsp_driver_sd.o
    0x08000268   0x08000268   0x00000020   Code   RO          261    i.BSP_SD_WriteBlocks  bsp_driver_sd.o
    0x08000288   0x08000288   0x00000002   Code   RO           13    i.Error_Handler     main.o
    0x0800028a   0x0800028a   0x00000006   Code   RO         4711    i.FATFS_LinkDriver  ff_gen_drv.o
    0x08000290   0x08000290   0x00000040   Code   RO         4712    i.FATFS_LinkDriverEx  ff_gen_drv.o
    0x080002d0   0x080002d0   0x00000016   Code   RO          524    i.HAL_Delay         stm32f1xx_hal.o
    0x080002e6   0x080002e6   0x00000002   PAD
    0x080002e8   0x080002e8   0x00000210   Code   RO          795    i.HAL_GPIO_Init     stm32f1xx_hal_gpio.o
    0x080004f8   0x080004f8   0x0000000e   Code   RO          797    i.HAL_GPIO_ReadPin  stm32f1xx_hal_gpio.o
    0x08000506   0x08000506   0x00000008   Code   RO          798    i.HAL_GPIO_TogglePin  stm32f1xx_hal_gpio.o
    0x0800050e   0x0800050e   0x0000000e   Code   RO          799    i.HAL_GPIO_WritePin  stm32f1xx_hal_gpio.o
    0x0800051c   0x0800051c   0x0000000c   Code   RO          528    i.HAL_GetTick       stm32f1xx_hal.o
    0x08000528   0x08000528   0x00000010   Code   RO          529    i.HAL_IncTick       stm32f1xx_hal.o
    0x08000538   0x08000538   0x00000024   Code   RO          530    i.HAL_Init          stm32f1xx_hal.o
    0x0800055c   0x0800055c   0x00000022   Code   RO          531    i.HAL_InitTick      stm32f1xx_hal.o
    0x0800057e   0x0800057e   0x00000002   PAD
    0x08000580   0x08000580   0x00000068   Code   RO          433    i.HAL_MspInit       stm32f1xx_hal_msp.o
    0x080005e8   0x080005e8   0x00000016   Code   RO          937    i.HAL_NVIC_EnableIRQ  stm32f1xx_hal_cortex.o
    0x080005fe   0x080005fe   0x00000002   PAD
    0x08000600   0x08000600   0x00000040   Code   RO          943    i.HAL_NVIC_SetPriority  stm32f1xx_hal_cortex.o
    0x08000640   0x08000640   0x00000024   Code   RO          944    i.HAL_NVIC_SetPriorityGrouping  stm32f1xx_hal_cortex.o
    0x08000664   0x08000664   0x00000018   Code   RO         1059    i.HAL_PWR_EnableBkUpAccess  stm32f1xx_hal_pwr.o
    0x0800067c   0x0800067c   0x00000118   Code   RO          757    i.HAL_RCCEx_GetPeriphCLKFreq  stm32f1xx_hal_rcc_ex.o
    0x08000794   0x08000794   0x0000012c   Code   RO          758    i.HAL_RCCEx_PeriphCLKConfig  stm32f1xx_hal_rcc_ex.o
    0x080008c0   0x080008c0   0x000002b8   Code   RO          652    i.HAL_RCC_ClockConfig  stm32f1xx_hal_rcc.o
    0x08000b78   0x08000b78   0x00000034   Code   RO          657    i.HAL_RCC_GetHCLKFreq  stm32f1xx_hal_rcc.o
    0x08000bac   0x08000bac   0x0000002c   Code   RO          659    i.HAL_RCC_GetPCLK1Freq  stm32f1xx_hal_rcc.o
    0x08000bd8   0x08000bd8   0x0000002c   Code   RO          660    i.HAL_RCC_GetPCLK2Freq  stm32f1xx_hal_rcc.o
    0x08000c04   0x08000c04   0x00000090   Code   RO          661    i.HAL_RCC_GetSysClockFreq  stm32f1xx_hal_rcc.o
    0x08000c94   0x08000c94   0x000006a8   Code   RO          664    i.HAL_RCC_OscConfig  stm32f1xx_hal_rcc.o
    0x0800133c   0x0800133c   0x000000b4   Code   RO         1394    i.HAL_RTC_Init      stm32f1xx_hal_rtc.o
    0x080013f0   0x080013f0   0x00000044   Code   RO          435    i.HAL_RTC_MspInit   stm32f1xx_hal_msp.o
    0x08001434   0x08001434   0x000000d4   Code   RO         1400    i.HAL_RTC_SetDate   stm32f1xx_hal_rtc.o
    0x08001508   0x08001508   0x000000b8   Code   RO         1401    i.HAL_RTC_SetTime   stm32f1xx_hal_rtc.o
    0x080015c0   0x080015c0   0x0000003c   Code   RO         1402    i.HAL_RTC_WaitForSynchro  stm32f1xx_hal_rtc.o
    0x080015fc   0x080015fc   0x0000001a   Code   RO         1672    i.HAL_SD_GetStatus  stm32f1xx_hal_sd.o
    0x08001616   0x08001616   0x0000029a   Code   RO         1673    i.HAL_SD_Get_CardInfo  stm32f1xx_hal_sd.o
    0x080018b0   0x080018b0   0x0000009a   Code   RO         1676    i.HAL_SD_Init       stm32f1xx_hal_sd.o
    0x0800194a   0x0800194a   0x00000002   PAD
    0x0800194c   0x0800194c   0x00000058   Code   RO          437    i.HAL_SD_MspInit    stm32f1xx_hal_msp.o
    0x080019a4   0x080019a4   0x0000019c   Code   RO         1679    i.HAL_SD_ReadBlocks  stm32f1xx_hal_sd.o
    0x08001b40   0x08001b40   0x00000034   Code   RO         1682    i.HAL_SD_StopTransfer  stm32f1xx_hal_sd.o
    0x08001b74   0x08001b74   0x00000214   Code   RO         1684    i.HAL_SD_WriteBlocks  stm32f1xx_hal_sd.o
    0x08001d88   0x08001d88   0x0000008c   Code   RO         2272    i.HAL_SPI_Init      stm32f1xx_hal_spi_ex.o
    0x08001e14   0x08001e14   0x00000058   Code   RO          439    i.HAL_SPI_MspInit   stm32f1xx_hal_msp.o
    0x08001e6c   0x08001e6c   0x000002fc   Code   RO         2044    i.HAL_SPI_TransmitReceive  stm32f1xx_hal_spi.o
    0x08002168   0x08002168   0x0000001c   Code   RO          946    i.HAL_SYSTICK_CLKSourceConfig  stm32f1xx_hal_cortex.o
    0x08002184   0x08002184   0x00000002   Code   RO          947    i.HAL_SYSTICK_Callback  stm32f1xx_hal_cortex.o
    0x08002186   0x08002186   0x00000028   Code   RO          948    i.HAL_SYSTICK_Config  stm32f1xx_hal_cortex.o
    0x080021ae   0x080021ae   0x00000008   Code   RO          949    i.HAL_SYSTICK_IRQHandler  stm32f1xx_hal_cortex.o
    0x080021b6   0x080021b6   0x00000002   Code   RO         2946    i.HAL_TIMEx_BreakCallback  stm32f1xx_hal_tim_ex.o
    0x080021b8   0x080021b8   0x00000002   Code   RO         2947    i.HAL_TIMEx_CommutationCallback  stm32f1xx_hal_tim_ex.o
    0x080021ba   0x080021ba   0x00000050   Code   RO         2963    i.HAL_TIMEx_MasterConfigSynchronization  stm32f1xx_hal_tim_ex.o
    0x0800220a   0x0800220a   0x00000038   Code   RO         2307    i.HAL_TIM_Base_Init  stm32f1xx_hal_tim.o
    0x08002242   0x08002242   0x00000002   PAD
    0x08002244   0x08002244   0x00000060   Code   RO          441    i.HAL_TIM_Base_MspInit  stm32f1xx_hal_msp.o
    0x080022a4   0x080022a4   0x00000018   Code   RO         2312    i.HAL_TIM_Base_Start_IT  stm32f1xx_hal_tim.o
    0x080022bc   0x080022bc   0x0000010e   Code   RO         2316    i.HAL_TIM_ConfigClockSource  stm32f1xx_hal_tim.o
    0x080023ca   0x080023ca   0x00000002   Code   RO         2336    i.HAL_TIM_IC_CaptureCallback  stm32f1xx_hal_tim.o
    0x080023cc   0x080023cc   0x000000bc   Code   RO         2337    i.HAL_TIM_IC_ConfigChannel  stm32f1xx_hal_tim.o
    0x08002488   0x08002488   0x00000038   Code   RO         2340    i.HAL_TIM_IC_Init   stm32f1xx_hal_tim.o
    0x080024c0   0x080024c0   0x00000002   Code   RO         2342    i.HAL_TIM_IC_MspInit  stm32f1xx_hal_tim.o
    0x080024c2   0x080024c2   0x0000016e   Code   RO         2349    i.HAL_TIM_IRQHandler  stm32f1xx_hal_tim.o
    0x08002630   0x08002630   0x00000002   Code   RO         2352    i.HAL_TIM_OC_DelayElapsedCallback  stm32f1xx_hal_tim.o
    0x08002632   0x08002632   0x00000002   Code   RO         2379    i.HAL_TIM_PWM_PulseFinishedCallback  stm32f1xx_hal_tim.o
    0x08002634   0x08002634   0x0000000c   Code   RO           14    i.HAL_TIM_PeriodElapsedCallback  main.o
    0x08002640   0x08002640   0x00000002   Code   RO         2390    i.HAL_TIM_TriggerCallback  stm32f1xx_hal_tim.o
    0x08002642   0x08002642   0x00000002   Code   RO         3191    i.HAL_UART_ErrorCallback  stm32f1xx_hal_uart.o
    0x08002644   0x08002644   0x000000be   Code   RO         3194    i.HAL_UART_IRQHandler  stm32f1xx_hal_uart.o
    0x08002702   0x08002702   0x00000060   Code   RO         3195    i.HAL_UART_Init     stm32f1xx_hal_uart.o
    0x08002762   0x08002762   0x00000002   PAD
    0x08002764   0x08002764   0x000000a4   Code   RO          443    i.HAL_UART_MspInit  stm32f1xx_hal_msp.o
    0x08002808   0x08002808   0x00000002   Code   RO         3201    i.HAL_UART_RxCpltCallback  stm32f1xx_hal_uart.o
    0x0800280a   0x0800280a   0x000000d8   Code   RO         3203    i.HAL_UART_Transmit  stm32f1xx_hal_uart.o
    0x080028e2   0x080028e2   0x00000002   Code   RO         3206    i.HAL_UART_TxCpltCallback  stm32f1xx_hal_uart.o
    0x080028e4   0x080028e4   0x00000018   Code   RO         4159    i.METRO_Get_Measures  metrotask.o
    0x080028fc   0x080028fc   0x00000064   Code   RO         4160    i.METRO_Init        metrotask.o
    0x08002960   0x08002960   0x00000018   Code   RO         4161    i.METRO_Latch_Measures  metrotask.o
    0x08002978   0x08002978   0x00000058   Code   RO         4162    i.METRO_UpdateData  metrotask.o
    0x080029d0   0x080029d0   0x00000014   Code   RO         4163    i.METRO_Update_Measures  metrotask.o
    0x080029e4   0x080029e4   0x0000001c   Code   RO          357    i.MX_FATFS_Init     fatfs.o
    0x08002a00   0x08002a00   0x000000b4   Code   RO           15    i.MX_GPIO_Init      main.o
    0x08002ab4   0x08002ab4   0x00000054   Code   RO           16    i.MX_RTC_Init       main.o
    0x08002b08   0x08002b08   0x00000020   Code   RO           17    i.MX_SDIO_SD_Init   main.o
    0x08002b28   0x08002b28   0x00000038   Code   RO           18    i.MX_SPI1_Init      main.o
    0x08002b60   0x08002b60   0x00000058   Code   RO           19    i.MX_TIM3_Init      main.o
    0x08002bb8   0x08002bb8   0x00000028   Code   RO           20    i.MX_UART4_Init     main.o
    0x08002be0   0x08002be0   0x00000028   Code   RO           21    i.MX_USART3_UART_Init  main.o
    0x08002c08   0x08002c08   0x00000034   Code   RO         3458    i.Metro_ApplyConfig  metrology.o
    0x08002c3c   0x08002c3c   0x0000000e   Code   RO         3460    i.Metro_Get_Data_device  metrology.o
    0x08002c4a   0x08002c4a   0x00000002   PAD
    0x08002c4c   0x08002c4c   0x00000020   Code   RO         3584    i.Metro_HAL_CSS_EXT_Device  metrology_hal.o
    0x08002c6c   0x08002c6c   0x00000024   Code   RO         3585    i.Metro_HAL_CalcCRC8  metrology_hal.o
    0x08002c90   0x08002c90   0x00000030   Code   RO         3589    i.Metro_HAL_Crc8Calc  metrology_hal.o
    0x08002cc0   0x08002cc0   0x00000020   Code   RO         3590    i.Metro_HAL_EN_EXT_Device  metrology_hal.o
    0x08002ce0   0x08002ce0   0x00000060   Code   RO         3598    i.Metro_HAL_Get_Data_device  metrology_hal.o
    0x08002d40   0x08002d40   0x0000007c   Code   RO         3625    i.Metro_HAL_RxHandler  metrology_hal.o
    0x08002dbc   0x08002dbc   0x00000034   Code   RO         3626    i.Metro_HAL_STPM_SYN_reset_3_pulses  metrology_hal.o
    0x08002df0   0x08002df0   0x0000002c   Code   RO         3627    i.Metro_HAL_STPM_SYN_single_pulse  metrology_hal.o
    0x08002e1c   0x08002e1c   0x00000020   Code   RO         3628    i.Metro_HAL_SYN_EXT_Device  metrology_hal.o
    0x08002e3c   0x08002e3c   0x0000006c   Code   RO         3639    i.Metro_HAL_Set_Latch_device_type  metrology_hal.o
    0x08002ea8   0x08002ea8   0x0000000c   Code   RO         3656    i.Metro_HAL_Setup   metrology_hal.o
    0x08002eb4   0x08002eb4   0x0000008c   Code   RO         3657    i.Metro_HAL_SpiTxStart  metrology_hal.o
    0x08002f40   0x08002f40   0x00000068   Code   RO         3658    i.Metro_HAL_Spi_config  metrology_hal.o
    0x08002fa8   0x08002fa8   0x00000170   Code   RO         3659    i.Metro_HAL_Stpm_Read  metrology_hal.o
    0x08003118   0x08003118   0x00000108   Code   RO         3660    i.Metro_HAL_Stpm_write  metrology_hal.o
    0x08003220   0x08003220   0x00000044   Code   RO         3661    i.Metro_HAL_TxHandler  metrology_hal.o
    0x08003264   0x08003264   0x0000006c   Code   RO         3662    i.Metro_HAL_WaitMicroSecond  metrology_hal.o
    0x080032d0   0x080032d0   0x00000088   Code   RO         3663    i.Metro_HAL_init_device  metrology_hal.o
    0x08003358   0x08003358   0x0000003c   Code   RO         3664    i.Metro_HAL_power_up_device  metrology_hal.o
    0x08003394   0x08003394   0x00000034   Code   RO         3668    i.Metro_HAL_read_RMS_Current  metrology_hal.o
    0x080033c8   0x080033c8   0x00000038   Code   RO         3669    i.Metro_HAL_read_RMS_Voltage  metrology_hal.o
    0x08003400   0x08003400   0x0000008c   Code   RO         3670    i.Metro_HAL_read_energy  metrology_hal.o
    0x0800348c   0x0800348c   0x00000108   Code   RO         3672    i.Metro_HAL_read_power  metrology_hal.o
    0x08003594   0x08003594   0x00000038   Code   RO         3674    i.Metro_HAL_reset_transfer_context  metrology_hal.o
    0x080035cc   0x080035cc   0x00000018   Code   RO         3462    i.Metro_Init        metrology.o
    0x080035e4   0x080035e4   0x00000004   Code   RO         3463    i.Metro_Read_Block_From_Device  metrology.o
    0x080035e8   0x080035e8   0x00000068   Code   RO         3466    i.Metro_Read_Power  metrology.o
    0x08003650   0x08003650   0x0000009c   Code   RO         3467    i.Metro_Read_RMS    metrology.o
    0x080036ec   0x080036ec   0x000000a8   Code   RO         3468    i.Metro_Read_energy  metrology.o
    0x08003794   0x08003794   0x0000001c   Code   RO         3469    i.Metro_Register_Latch_device_Config_type  metrology.o
    0x080037b0   0x080037b0   0x00000030   Code   RO         3470    i.Metro_Set_Hardware_Factors  metrology.o
    0x080037e0   0x080037e0   0x0000000e   Code   RO         3471    i.Metro_Set_Latch_device_type  metrology.o
    0x080037ee   0x080037ee   0x00000002   PAD
    0x080037f0   0x080037f0   0x00000024   Code   RO         3472    i.Metro_Setup       metrology.o
    0x08003814   0x08003814   0x00000004   Code   RO         3473    i.Metro_Write_Block_to_Device  metrology.o
    0x08003818   0x08003818   0x00000040   Code   RO         4164    i.Metro_com_port_device  metrotask.o
    0x08003858   0x08003858   0x00000018   Code   RO         3474    i.Metro_power_up_device  metrology.o
    0x08003870   0x08003870   0x00000016   Code   RO         3675    i.Metrology_HAL_ReadBlock  metrology_hal.o
    0x08003886   0x08003886   0x0000001e   Code   RO         3676    i.Metrology_HAL_WriteBlock  metrology_hal.o
    0x080038a4   0x080038a4   0x00000020   Code   RO          950    i.NVIC_SetPriority  stm32f1xx_hal_cortex.o
    0x080038c4   0x080038c4   0x00000012   Code   RO         1403    i.RTC_Bcd2ToByte    stm32f1xx_hal_rtc.o
    0x080038d6   0x080038d6   0x00000034   Code   RO         1406    i.RTC_EnterInitMode  stm32f1xx_hal_rtc.o
    0x0800390a   0x0800390a   0x00000034   Code   RO         1407    i.RTC_ExitInitMode  stm32f1xx_hal_rtc.o
    0x0800393e   0x0800393e   0x0000000e   Code   RO         1409    i.RTC_ReadAlarmCounter  stm32f1xx_hal_rtc.o
    0x0800394c   0x0800394c   0x00000020   Code   RO         1410    i.RTC_ReadTimeCounter  stm32f1xx_hal_rtc.o
    0x0800396c   0x0800396c   0x00000066   Code   RO         1411    i.RTC_WeekDayNum    stm32f1xx_hal_rtc.o
    0x080039d2   0x080039d2   0x0000002e   Code   RO         1412    i.RTC_WriteAlarmCounter  stm32f1xx_hal_rtc.o
    0x08003a00   0x08003a00   0x0000002e   Code   RO         1413    i.RTC_WriteTimeCounter  stm32f1xx_hal_rtc.o
    0x08003a2e   0x08003a2e   0x00000024   Code   RO         1931    i.SDIO_DataConfig   stm32f1xx_ll_sdmmc.o
    0x08003a52   0x08003a52   0x00000006   Code   RO         1932    i.SDIO_GetCommandResponse  stm32f1xx_ll_sdmmc.o
    0x08003a58   0x08003a58   0x00000008   Code   RO         1935    i.SDIO_GetPowerState  stm32f1xx_ll_sdmmc.o
    0x08003a60   0x08003a60   0x00000014   Code   RO         1936    i.SDIO_GetResponse  stm32f1xx_ll_sdmmc.o
    0x08003a74   0x08003a74   0x0000002a   Code   RO         1937    i.SDIO_Init         stm32f1xx_ll_sdmmc.o
    0x08003a9e   0x08003a9e   0x00000008   Code   RO         1939    i.SDIO_PowerState_ON  stm32f1xx_ll_sdmmc.o
    0x08003aa6   0x08003aa6   0x00000006   Code   RO         1940    i.SDIO_ReadFIFO     stm32f1xx_ll_sdmmc.o
    0x08003aac   0x08003aac   0x00000020   Code   RO         1941    i.SDIO_SendCommand  stm32f1xx_ll_sdmmc.o
    0x08003acc   0x08003acc   0x0000000a   Code   RO         1943    i.SDIO_WriteFIFO    stm32f1xx_ll_sdmmc.o
    0x08003ad6   0x08003ad6   0x0000002e   Code   RO         1688    i.SD_CmdError       stm32f1xx_hal_sd.o
    0x08003b04   0x08003b04   0x000000f8   Code   RO         1689    i.SD_CmdResp1Error  stm32f1xx_hal_sd.o
    0x08003bfc   0x08003bfc   0x00000030   Code   RO         1690    i.SD_CmdResp2Error  stm32f1xx_hal_sd.o
    0x08003c2c   0x08003c2c   0x00000024   Code   RO         1691    i.SD_CmdResp3Error  stm32f1xx_hal_sd.o
    0x08003c50   0x08003c50   0x0000007c   Code   RO         1692    i.SD_CmdResp6Error  stm32f1xx_hal_sd.o
    0x08003ccc   0x08003ccc   0x00000048   Code   RO         1693    i.SD_CmdResp7Error  stm32f1xx_hal_sd.o
    0x08003d14   0x08003d14   0x0000001a   Code   RO         1699    i.SD_GetState       stm32f1xx_hal_sd.o
    0x08003d2e   0x08003d2e   0x00000102   Code   RO         1700    i.SD_Initialize_Cards  stm32f1xx_hal_sd.o
    0x08003e30   0x08003e30   0x00000154   Code   RO         1701    i.SD_IsCardProgramming  stm32f1xx_hal_sd.o
    0x08003f84   0x08003f84   0x00000168   Code   RO         1703    i.SD_PowerON        stm32f1xx_hal_sd.o
    0x080040ec   0x080040ec   0x0000003a   Code   RO         1704    i.SD_Select_Deselect  stm32f1xx_hal_sd.o
    0x08004126   0x08004126   0x00000056   Code   RO         1705    i.SD_SendStatus     stm32f1xx_hal_sd.o
    0x0800417c   0x0800417c   0x00000020   Code   RO         4251    i.SD_initialize     sd_diskio.o
    0x0800419c   0x0800419c   0x00000054   Code   RO         4252    i.SD_ioctl          sd_diskio.o
    0x080041f0   0x080041f0   0x0000001e   Code   RO         4253    i.SD_read           sd_diskio.o
    0x0800420e   0x0800420e   0x00000002   PAD
    0x08004210   0x08004210   0x00000020   Code   RO         4254    i.SD_status         sd_diskio.o
    0x08004230   0x08004230   0x0000001e   Code   RO         4255    i.SD_write          sd_diskio.o
    0x0800424e   0x0800424e   0x00000002   PAD
    0x08004250   0x08004250   0x0000002c   Code   RO         3677    i.SPIWrp_SendAndReceiveByte  metrology_hal.o
    0x0800427c   0x0800427c   0x000000d6   Code   RO         2066    i.SPI_WaitOnFlagUntilTimeout  stm32f1xx_hal_spi.o
    0x08004352   0x08004352   0x0000000e   Code   RO          393    i.SysTick_Handler   stm32f1xx_it.o
    0x08004360   0x08004360   0x00000070   Code   RO           22    i.SystemClock_Config  main.o
    0x080043d0   0x080043d0   0x00000048   Code   RO         3422    i.SystemInit        system_stm32f1xx.o
    0x08004418   0x08004418   0x0000000c   Code   RO          394    i.TIM3_IRQHandler   stm32f1xx_it.o
    0x08004424   0x08004424   0x00000088   Code   RO         2391    i.TIM_Base_SetConfig  stm32f1xx_hal_tim.o
    0x080044ac   0x080044ac   0x00000014   Code   RO         2398    i.TIM_ETR_SetConfig  stm32f1xx_hal_tim.o
    0x080044c0   0x080044c0   0x00000010   Code   RO         2399    i.TIM_ITRx_SetConfig  stm32f1xx_hal_tim.o
    0x080044d0   0x080044d0   0x00000022   Code   RO         2405    i.TIM_TI1_ConfigInputStage  stm32f1xx_hal_tim.o
    0x080044f2   0x080044f2   0x00000002   PAD
    0x080044f4   0x080044f4   0x0000006c   Code   RO         2406    i.TIM_TI1_SetConfig  stm32f1xx_hal_tim.o
    0x08004560   0x08004560   0x00000024   Code   RO         2407    i.TIM_TI2_ConfigInputStage  stm32f1xx_hal_tim.o
    0x08004584   0x08004584   0x00000036   Code   RO         2408    i.TIM_TI2_SetConfig  stm32f1xx_hal_tim.o
    0x080045ba   0x080045ba   0x00000032   Code   RO         2409    i.TIM_TI3_SetConfig  stm32f1xx_hal_tim.o
    0x080045ec   0x080045ec   0x00000038   Code   RO         2410    i.TIM_TI4_SetConfig  stm32f1xx_hal_tim.o
    0x08004624   0x08004624   0x00000048   Code   RO           23    i.Timer_Init        main.o
    0x0800466c   0x0800466c   0x0000000c   Code   RO          395    i.UART4_IRQHandler  stm32f1xx_it.o
    0x08004678   0x08004678   0x0000002a   Code   RO         3213    i.UART_EndTransmit_IT  stm32f1xx_hal_uart.o
    0x080046a2   0x080046a2   0x000000b0   Code   RO         3214    i.UART_Receive_IT   stm32f1xx_hal_uart.o
    0x08004752   0x08004752   0x00000002   PAD
    0x08004754   0x08004754   0x0000010c   Code   RO         3215    i.UART_SetConfig    stm32f1xx_hal_uart.o
    0x08004860   0x08004860   0x0000006a   Code   RO         3216    i.UART_Transmit_IT  stm32f1xx_hal_uart.o
    0x080048ca   0x080048ca   0x000000c6   Code   RO         3217    i.UART_WaitOnFlagUntilTimeout  stm32f1xx_hal_uart.o
    0x08004990   0x08004990   0x00000020   Code   RO         4924    i.__0printf$6       mc_w.l(printf6.o)
    0x080049b0   0x080049b0   0x00000028   Code   RO         4926    i.__0sprintf$6      mc_w.l(printf6.o)
    0x080049d8   0x080049d8   0x0000000e   Code   RO         5070    i.__scatterload_copy  mc_w.l(handlers.o)
    0x080049e6   0x080049e6   0x00000002   Code   RO         5071    i.__scatterload_null  mc_w.l(handlers.o)
    0x080049e8   0x080049e8   0x0000000e   Code   RO         5072    i.__scatterload_zeroinit  mc_w.l(handlers.o)
    0x080049f6   0x080049f6   0x00000002   PAD
    0x080049f8   0x080049f8   0x000002f0   Code   RO         4931    i._printf_core      mc_w.l(printf6.o)
    0x08004ce8   0x08004ce8   0x00000024   Code   RO         4932    i._printf_post_padding  mc_w.l(printf6.o)
    0x08004d0c   0x08004d0c   0x0000002e   Code   RO         4933    i._printf_pre_padding  mc_w.l(printf6.o)
    0x08004d3a   0x08004d3a   0x0000000a   Code   RO         4935    i._sputc            mc_w.l(printf6.o)
    0x08004d44   0x08004d44   0x00000080   Code   RO         4365    i.check_fs          ff.o
    0x08004dc4   0x08004dc4   0x00000010   Code   RO         4366    i.chk_chr           ff.o
    0x08004dd4   0x08004dd4   0x00000070   Code   RO         4367    i.chk_lock          ff.o
    0x08004e44   0x08004e44   0x00000024   Code   RO         4368    i.clear_lock        ff.o
    0x08004e68   0x08004e68   0x0000002c   Code   RO         4369    i.clmt_clust        ff.o
    0x08004e94   0x08004e94   0x0000001e   Code   RO         4370    i.clust2sect        ff.o
    0x08004eb2   0x08004eb2   0x000000ba   Code   RO         4371    i.create_chain      ff.o
    0x08004f6c   0x08004f6c   0x00000118   Code   RO         4372    i.create_name       ff.o
    0x08005084   0x08005084   0x00000038   Code   RO         4373    i.dec_lock          ff.o
    0x080050bc   0x080050bc   0x0000004a   Code   RO         4374    i.dir_alloc         ff.o
    0x08005106   0x08005106   0x00000050   Code   RO         4375    i.dir_find          ff.o
    0x08005156   0x08005156   0x00000138   Code   RO         4376    i.dir_next          ff.o
    0x0800528e   0x0800528e   0x00000044   Code   RO         4378    i.dir_register      ff.o
    0x080052d2   0x080052d2   0x000000a8   Code   RO         4380    i.dir_sdi           ff.o
    0x0800537a   0x0800537a   0x00000002   PAD
    0x0800537c   0x0800537c   0x0000002c   Code   RO         4310    i.disk_initialize   diskio.o
    0x080053a8   0x080053a8   0x0000001c   Code   RO         4311    i.disk_ioctl        diskio.o
    0x080053c4   0x080053c4   0x0000001c   Code   RO         4312    i.disk_read         diskio.o
    0x080053e0   0x080053e0   0x00000018   Code   RO         4313    i.disk_status       diskio.o
    0x080053f8   0x080053f8   0x0000001c   Code   RO         4314    i.disk_write        diskio.o
    0x08005414   0x08005414   0x00000028   Code   RO         4381    i.enq_lock          ff.o
    0x0800543c   0x0800543c   0x0000002c   Code   RO         4383    i.f_close           ff.o
    0x08005468   0x08005468   0x000002be   Code   RO         4387    i.f_lseek           ff.o
    0x08005726   0x08005726   0x00000002   PAD
    0x08005728   0x08005728   0x00000060   Code   RO         4390    i.f_mount           ff.o
    0x08005788   0x08005788   0x0000019c   Code   RO         4391    i.f_open            ff.o
    0x08005924   0x08005924   0x00000040   Code   RO         4399    i.f_stat            ff.o
    0x08005964   0x08005964   0x000000ae   Code   RO         4400    i.f_sync            ff.o
    0x08005a12   0x08005a12   0x000001fa   Code   RO         4404    i.f_write           ff.o
    0x08005c0c   0x08005c0c   0x00000318   Code   RO         4405    i.find_volume       ff.o
    0x08005f24   0x08005f24   0x00000076   Code   RO         4406    i.follow_path       ff.o
    0x08005f9a   0x08005f9a   0x00000002   PAD
    0x08005f9c   0x08005f9c   0x00000018   Code   RO           24    i.fputc             main.o
    0x08005fb4   0x08005fb4   0x000000d8   Code   RO         4407    i.get_fat           ff.o
    0x0800608c   0x0800608c   0x00000004   Code   RO          358    i.get_fattime       fatfs.o
    0x08006090   0x08006090   0x0000006a   Code   RO         4408    i.get_fileinfo      ff.o
    0x080060fa   0x080060fa   0x00000042   Code   RO         4409    i.get_ldnumber      ff.o
    0x0800613c   0x0800613c   0x000000ac   Code   RO         4410    i.inc_lock          ff.o
    0x080061e8   0x080061e8   0x00000020   Code   RO         4411    i.ld_clust          ff.o
    0x08006208   0x08006208   0x000001e4   Code   RO           25    i.main              main.o
    0x080063ec   0x080063ec   0x0000001a   Code   RO         4412    i.mem_cmp           ff.o
    0x08006406   0x08006406   0x00000012   Code   RO         4413    i.mem_cpy           ff.o
    0x08006418   0x08006418   0x00000010   Code   RO         4414    i.mem_set           ff.o
    0x08006428   0x08006428   0x00000038   Code   RO         4415    i.move_window       ff.o
    0x08006460   0x08006460   0x00000104   Code   RO         4416    i.put_fat           ff.o
    0x08006564   0x08006564   0x00000072   Code   RO         4418    i.remove_chain      ff.o
    0x080065d6   0x080065d6   0x00000010   Code   RO         4419    i.st_clust          ff.o
    0x080065e6   0x080065e6   0x000000ba   Code   RO         4420    i.sync_fs           ff.o
    0x080066a0   0x080066a0   0x00000062   Code   RO         4421    i.sync_window       ff.o
    0x08006702   0x08006702   0x00000032   Code   RO         4422    i.validate          ff.o
    0x08006734   0x08006734   0x00000010   Data   RO          665    .constdata          stm32f1xx_hal_rcc.o
    0x08006744   0x08006744   0x00000084   Data   RO         4167    .constdata          metrotask.o
    0x080067c8   0x080067c8   0x00000014   Data   RO         4256    .constdata          sd_diskio.o
    0x080067dc   0x080067dc   0x000000ac   Data   RO         4424    .constdata          ff.o
    0x08006888   0x08006888   0x00000020   Data   RO         5068    Region$$Table       anon$$obj.o


    Execution Region RW_IRAM1 (Exec base: 0x20000000, Load base: 0x080068a8, Size: 0x000026e0, Max: 0x00010000, ABSOLUTE)

    Exec Addr    Load Addr    Size         Type   Attr      Idx    E Section Name        Object

    0x20000000   0x080068a8   0x00000008   Data   RW           28    .data               main.o
    0x20000008   0x080068b0   0x00000005   Data   RW          359    .data               fatfs.o
    0x2000000d   0x080068b5   0x00000003   PAD
    0x20000010   0x080068b8   0x00000004   Data   RW          536    .data               stm32f1xx_hal.o
    0x20000014   0x080068bc   0x00000001   Data   RW         2274    .data               stm32f1xx_hal_spi_ex.o
    0x20000015   0x080068bd   0x00000003   PAD
    0x20000018   0x080068c0   0x00000004   Data   RW         3424    .data               system_stm32f1xx.o
    0x2000001c   0x080068c4   0x0000000c   Data   RW         3679    .data               metrology_hal.o
    0x20000028   0x080068d0   0x00000001   Data   RW         4257    .data               sd_diskio.o
    0x20000029   0x080068d1   0x00000003   PAD
    0x2000002c   0x080068d4   0x00000008   Data   RW         4425    .data               ff.o
    0x20000034   0x080068dc   0x00000004   Data   RW         5044    .data               mc_w.l(stdout.o)
    0x20000038        -       0x000001a3   Zero   RW           26    .bss                main.o
    0x200001db   0x080068e0   0x00000005   PAD
    0x200001e0        -       0x00000058   Zero   RW           27    .bss                main.o
    0x20000238        -       0x00000360   Zero   RW         3475    .bss                metrology.o
    0x20000598        -       0x00000100   Zero   RW         3678    .bss                metrology_hal.o
    0x20000698        -       0x00000024   Zero   RW         4165    .bss                metrotask.o
    0x200006bc        -       0x00000018   Zero   RW         4423    .bss                ff.o
    0x200006d4        -       0x0000000c   Zero   RW         4715    .bss                ff_gen_drv.o
    0x200006e0        -       0x00002000   Zero   RW            1    STACK               startup_stm32f103xe.o


==============================================================================

Image component sizes


      Code (inc. data)   RO Data    RW Data    ZI Data      Debug   Object Name

       136         28          0          0          0       4172   bsp_driver_sd.o
       152         26          0          0          0       3981   diskio.o
        32         10          0          5          0       1642   fatfs.o
      5970         66        172          8         24      41429   ff.o
        70          4          0          0         12       1783   ff_gen_drv.o
      1226        160          0          8        507     353090   main.o
       676         62          0          0        864      10948   metrology.o
      2528        154          0         12        256      22317   metrology_hal.o
       320         40        132          0         36       5548   metrotask.o
       208         16         20          1          0       4716   sd_diskio.o
        36          8        304          0       8192        872   startup_stm32f103xe.o
       120         16          0          4          0       4090   stm32f1xx_hal.o
       232         14          0          0          0      28105   stm32f1xx_hal_cortex.o
       564         40          0          0          0       4580   stm32f1xx_hal_gpio.o
       608         90          0          0          0       4537   stm32f1xx_hal_msp.o
        24          4          0          0          0        583   stm32f1xx_hal_pwr.o
      2684         82         16          0          0       7504   stm32f1xx_hal_rcc.o
       580         44          0          0          0       2905   stm32f1xx_hal_rcc_ex.o
       998         14          0          0          0      10388   stm32f1xx_hal_rtc.o
      3544         14          0          0          0      22090   stm32f1xx_hal_sd.o
       978          0          0          0          0       3274   stm32f1xx_hal_spi.o
       140          6          0          1          0       1574   stm32f1xx_hal_spi_ex.o
      1480         40          0          0          0      16137   stm32f1xx_hal_tim.o
        84          0          0          0          0       2574   stm32f1xx_hal_tim_ex.o
      1298          4          0          0          0       9311   stm32f1xx_hal_uart.o
        38         12          0          0          0       1515   stm32f1xx_it.o
       168          6          0          0          0       6381   stm32f1xx_ll_sdmmc.o
        72         16          0          4          0       1305   system_stm32f1xx.o

    ----------------------------------------------------------------------
     24996        976        676         52       9896     577351   Object Totals
         0          0         32          0          0          0   (incl. Generated)
        30          0          0          9          5          0   (incl. Padding)

    ----------------------------------------------------------------------

      Code (inc. data)   RO Data    RW Data    ZI Data      Debug   Library Member Name

         0          0          0          0          0          0   entry.o
         0          0          0          0          0          0   entry10a.o
         0          0          0          0          0          0   entry11a.o
         8          4          0          0          0          0   entry2.o
         4          0          0          0          0          0   entry5.o
         0          0          0          0          0          0   entry7b.o
         0          0          0          0          0          0   entry8b.o
         8          4          0          0          0          0   entry9a.o
        30          0          0          0          0          0   handlers.o
        36          8          0          0          0         68   init.o
        36          0          0          0          0         68   memcpya.o
        36          0          0          0          0        108   memseta.o
       916         20          0          0          0        504   printf6.o
         0          0          0          4          0          0   stdout.o
        44          0          0          0          0         80   uidiv.o

    ----------------------------------------------------------------------
      1120         36          0          4          0        828   Library Totals
         2          0          0          0          0          0   (incl. Padding)

    ----------------------------------------------------------------------

      Code (inc. data)   RO Data    RW Data    ZI Data      Debug   Library Name

      1118         36          0          4          0        828   mc_w.l

    ----------------------------------------------------------------------
      1120         36          0          4          0        828   Library Totals

    ----------------------------------------------------------------------

==============================================================================


      Code (inc. data)   RO Data    RW Data    ZI Data      Debug   

     26116       1012        676         56       9896     566267   Grand Totals
     26116       1012        676         56       9896     566267   ELF Image Totals
     26116       1012        676         56          0          0   ROM Totals

==============================================================================

    Total RO  Size (Code + RO Data)                26792 (  26.16kB)
    Total RW  Size (RW Data + ZI Data)              9952 (   9.72kB)
    Total ROM Size (Code + RO Data + RW Data)      26848 (  26.22kB)

==============================================================================

